[qwfn] direct I/O: 512-byte slots, page-aligned reads through a bounce buffer (slice strides are not page multiples)
ggml_cuda_init: found 1 CUDA devices (Total VRAM: 15847 MiB):
  Device 0: NVIDIA GeForce RTX 5060 Ti, compute capability 12.0, VMM: yes, VRAM: 15847 MiB
[qwfn] CPU threadpool: 5 threads, poll 50, cpus 0-7
 (pinned)
[qwfn] prefetch: speculative block on (0 of 47 predicted layers), margin gate off
[qwfn] decode QSA state: 57.5 MB (pooled block keys for 18432 blocks, 513 kept)
[qwfn] prefill VRAM (dynamic, lent by the expert tier): 7.66 GB; decode reserve 1153 MB
ggml_backend_cuda_buffer_type_alloc_buffer: allocating 12495.74 MiB on device 0: cudaMalloc failed: out of memory
ggml_backend_cuda_buffer_type_alloc_buffer: allocating 11991.03 MiB on device 0: cudaMalloc failed: out of memory
ggml_backend_cuda_buffer_type_alloc_buffer: allocating 11501.90 MiB on device 0: cudaMalloc failed: out of memory
ggml_backend_cuda_buffer_type_alloc_buffer: allocating 11055.66 MiB on device 0: cudaMalloc failed: out of memory
ggml_backend_cuda_buffer_type_alloc_buffer: allocating 10625.97 MiB on device 0: cudaMalloc failed: out of memory
[qwfn] expert VRAM tier: 9.55 GB, 5686 blocks (23.1%), of which 39 layers (7395 MiB) are handed to the prefill
[qwfn] expert RAM tier: 18.94 GB arena (pinned), 11258 of 24576 expert blocks (45.8%)
[qwfn] prefill streamer: host 2 x 1.19 GB (pinned), device 1.19 GB (device, allocated per prefill), 16 MB chunks, read-ahead on
[nll] #1 tok 1596: 0.000038 argmax 1596
dense core 3.84271 GB on CUDA0 | state @ 73728 ctx: KV 0.962593 GB (q8_0), indexer 0.226492 GB, deltanet 113.246 MB (constant), conv 4.79232 MB  =>  total 1.30712 GB on the device | expert cache 11258 RAM blocks, 5686 VRAM blocks

prefill: 134 tokens in 6.75 s  (19.9 tok/s)
replaying: 1596[nll] #2 tok 1144: 0.000064 argmax 1144
 1144[nll] #3 tok 4087: 0.686313 argmax 4087
 4087[nll] #4 tok 6673: 0.296143 argmax 6673
 6673[nll] #5 tok 24460: 0.055033 argmax 24460
 24460[nll] #6 tok 13: 0.050690 argmax 13
 13[nll] #7 tok 14235: 0.322879 argmax 14235
 14235[nll] #8 tok 11290: 0.509969 argmax 11290
 11290[nll] #9 tok 15060: 0.170466 argmax 15060
 15060[nll] #10 tok 13: 0.033759 argmax 13
 13[nll] #11 tok 21397: 0.426535 argmax 21397
 21397[nll] #12 tok 25: 0.001117 argmax 25
 25[nll] #13 tok 14273: 0.728307 argmax 14273
 14273[nll] #14 tok 13914: 0.543520 argmax 13914
 13914[nll] #15 tok 220: 0.546414 argmax 220
 220[nll] #16 tok 17: 0.000177 argmax 17
 17[nll] #17 tok 11: 0.035632 argmax 11
 11[nll] #18 tok 20: 0.003531 argmax 20
 20[nll] #19 tok 11: 0.000023 argmax 11
 11[nll] #20 tok 16: 0.000025 argmax 16
 16[nll] #21 tok 16: 0.000028 argmax 16
 16[nll] #22 tok 20332: 0.203460 argmax 20332
 20332[nll] #23 tok 13: 0.063303 argmax 13
 13[nll] #24 tok 32569: 0.166601 argmax 32569
 32569[nll] #25 tok 1866: 1.082136 argmax 1866
 1866[nll] #26 tok 220: 0.430540 argmax 220
 220[nll] #27 tok 19: 0.001296 argmax 19
 19[nll] #28 tok 15: 0.000051 argmax 15
 15[nll] #29 tok 15: 0.000012 argmax 15
 15[nll] #30 tok 20332: 0.024350 argmax 20332
 20332[nll] #31 tok 321: 0.278263 argmax 321
 321[nll] #32 tok 1866: 0.307485 argmax 1866
 1866[nll] #33 tok 220: 0.000412 argmax 220
 220[nll] #34 tok 21: 0.000013 argmax 21
 21[nll] #35 tok 15: 0.000003 argmax 15
 15[nll] #36 tok 14273: 0.000021 argmax 14273
 14273[nll] #37 tok 13: 0.000809 argmax 13
 13[nll] #38 tok 1369: 1.001588 argmax 1369
 1369[nll] #39 tok 5234: 0.000042 argmax 5234
 5234[nll] #40 tok 1902: 0.287944 argmax 1902
 1902[nll] #41 tok 6435: 0.002937 argmax 6435
 6435[nll] #42 tok 506: 0.000686 argmax 506
 506[nll] #43 tok 3140: 0.000083 argmax 3140
 3140[nll] #44 tok 10598: 0.000047 argmax 10598
 10598[nll] #45 tok 430: 0.000201 argmax 430
 430[nll] #46 tok 1599: 0.000132 argmax 1599
 1599[nll] #47 tok 2526: 0.000041 argmax 2526
 2526[nll] #48 tok 14273: 0.351075 argmax 14273
 14273[nll] #49 tok 430: 0.000085 argmax 430
 430[nll] #50 tok 3349: 0.000025 argmax 3349
 3349[nll] #51 tok 5981: 0.015449 argmax 5981
 5981[nll] #52 tok 13: 0.234394 argmax 13
 13[nll] #53 tok 14235: 0.864796 argmax 14235
 14235[nll] #54 tok 7526: 0.014622 argmax 7526
 7526[nll] #55 tok 2702: 0.000344 argmax 2702
 2702[nll] #56 tok 4528: 0.000119 argmax 4528
 4528[nll] #57 tok 3074: 0.543109 argmax 3074
 3074[nll] #58 tok 10538: 0.000387 argmax 10538
 10538[nll] #59 tok 628: 0.019114 argmax 628
 628[nll] #60 tok 6564: 0.001101 argmax 6564
 6564[nll] #61 tok 11: 0.701591 argmax 11
 11[nll] #62 tok 1420: 0.753781 argmax 1420
 1420[nll] #63 tok 31626: 0.001193 argmax 31626
 31626[nll] #64 tok 321: 0.657421 argmax 321
 321[nll] #65 tok 14159: 0.016355 argmax 14159
 14159[nll] #66 tok 13: 0.129628 argmax 13
 13[nll] #67 tok 271: 0.354369 argmax 271
 271[nll] #68 tok 9764: 0.895717 argmax 9764
 9764[nll] #69 tok 274: 0.718111 argmax 274
 274[nll] #70 tok 12709: 0.175426 argmax 12709
 12709[nll] #71 tok 21518: 0.001996 argmax 21518
 21518[nll] #72 tok 2397: 0.468187 argmax 2397
 2397[nll] #73 tok 40823: 0.000404 argmax 40823
 40823[nll] #74 tok 24959: 0.004410 argmax 24959
 24959[nll] #75 tok 30: 0.531469 argmax 30
 30[nll] #76 tok 4222: 1.212681 argmax 4222
 4222[nll] #77 tok 14159: 0.703104 argmax 14159
 14159[nll] #78 tok 13: 0.605717 argmax 13
 13[nll] #79 tok 84457: 0.520199 argmax 84457
 84457[nll] #80 tok 25: 0.020533 argmax 25
 25[nll] #81 tok 198: 0.740791 argmax 198
 198[nll] #82 tok 82: 0.539150 argmax 82
 82[nll] #83 tok 478: 0.374146 argmax 478
 478[nll] #84 tok 295: 0.004822 argmax 295
 295[nll] #85 tok 478: 0.000054 argmax 478
 478[nll] #86 tok 324: 0.000055 argmax 324
 324[nll] #87 tok 2564: 0.011779 argmax 2564
 2564[nll] #88 tok 220: 0.031087 argmax 220
 220[nll] #89 tok 21: 0.000067 argmax 21
 21[nll] #90 tok 15: 0.000019 argmax 15
 15[nll] #91 tok 198: 0.387384 argmax 198
 198[nll] #92 tok 17: 0.007720 argmax 17
 17[nll] #93 tok 82: 0.000419 argmax 82
 82[nll] #94 tok 478: 0.037677 argmax 478
 478[nll] #95 tok 220: 0.361390 argmax 220
 220[nll] #96 tok 20: 0.000202 argmax 20
 20[nll] #97 tok 76: 0.000027 argmax 76
 76[nll] #98 tok 478: 0.000017 argmax 478
 478[nll] #99 tok 220: 0.017625 argmax 220
 220[nll] #100 tok 16: 0.000057 argmax 16
 16[nll] #101 tok 16: 0.000032 argmax 16
 16[nll] #102 tok 75: 0.000095 argmax 75
 75[nll] #103 tok 2564: 0.000131 argmax 2564
 2564[nll] #104 tok 220: 0.023631 argmax 220
 220[nll] #105 tok 19: 0.000016 argmax 19
 19[nll] #106 tok 15: 0.000002 argmax 15
 15[nll] #107 tok 15: 0.000040 argmax 15
 15[nll] #108 tok 198: 0.005292 argmax 198
 198[nll] #109 tok 82: 0.003728 argmax 82
 82[nll] #110 tok 2518: 0.000529 argmax 2518
 2518[nll] #111 tok 220: 0.000052 argmax 220
 220[nll] #112 tok 17: 0.000025 argmax 17
 17[nll] #113 tok 75: 0.014866 argmax 75
 75[nll] #114 tok 198: 0.663824 argmax 198
 198[nll] #115 tok 5786: 0.275527 argmax 5786
 5786[nll] #116 tok 11514: 0.079800 argmax 11514
 11514[nll] #117 tok 457: 0.046236 argmax 457
 457[nll] #118 tok 28: 0.630291 argmax 28
 28[nll] #119 tok 17: 0.000234 argmax 17
 17[nll] #120 tok 82: 0.000016 argmax 82
 82[nll] #121 tok 10: 0.000232 argmax 10
 10[nll] #122 tok 20: 0.000231 argmax 20
 20[nll] #123 tok 76: 0.000036 argmax 76
 76[nll] #124 tok 10: 0.001166 argmax 10
 10[nll] #125 tok 16: 0.000547 argmax 16
 16[nll] #126 tok 16: 0.000394 argmax 16
 16[nll] #127 tok 75: 0.000232 argmax 75
 75[nll] #128 tok 13: 0.192360 argmax 13
 13[nll] #129 tok 271: 0.264859 argmax 271
 271[nll] #130 tok 22916: 0.832958 argmax 22916
 22916[nll] #131 tok 7308: 1.237799 argmax 7308
 7308[nll] #132 tok 6093: 1.494607 argmax 6093
 6093[nll] #133 tok 13: 0.041734 argmax 13
 13[nll] #134 tok 8439: 1.157575 argmax 8439
 8439[nll] #135 tok 13914: 1.145636 argmax 13914
 13914[nll] #136 tok 6572: 0.456196 argmax 6572
 6572[nll] #137 tok 11: 0.242896 argmax 11
 11[nll] #138 tok 4222: 1.028347 argmax 4222
 4222[nll] #139 tok 958: 1.072258 argmax 958
 958[nll] #140 tok 1866: 1.470814 argmax 1866
 1866[nll] #141 tok 4528: 0.960945 argmax 4528
 4528[nll] #142 tok 20908: 1.179234 argmax 20908
 20908[nll] #143 tok 6970: 1.087270 argmax 6970
 6970[nll] #144 tok 220: 1.014569 argmax 220
 220[nll] #145 tok 19: 0.010095 argmax 19
 19[nll] #146 tok 15: 0.000051 argmax 15
 15[nll] #147 tok 15: 0.000139 argmax 15
 15[nll] #148 tok 6681: 1.432723 argmax 6681
 6681[nll] #149 tok 30: 0.668483 argmax 30
 30[nll] #150 tok 1921: 0.800172 argmax 1921
 1921[nll] #151 tok 3618: 0.591983 argmax 3618
 3618[nll] #152 tok 1698: 0.396975 argmax 1698
 1698[nll] #153 tok 20908: 1.051775 argmax 20908
 20908[nll] #154 tok 1189: 0.844404 argmax 1189
 1189[nll] #155 tok 10403: 1.532695 argmax 5190
 10403[nll] #156 tok 13: 0.314358 argmax 13
 13[nll] #157 tok 14235: 0.153803 argmax 14235
 14235[nll] #158 tok 33363: 0.506732 argmax 33363
 33363[nll] #159 tok 4528: 0.457054 argmax 4528
 4528[nll] #160 tok 1172: 1.212289 argmax 1172
 1172[nll] #161 tok 2107: 0.922647 argmax 2107
 2107[nll] #162 tok 13: 0.098240 argmax 13
 13[nll] #163 tok 8439: 1.766965 argmax 8439
 8439[nll] #164 tok 3349: 0.803859 argmax 3349
 3349[nll] #165 tok 14273: 0.945386 argmax 14273
 14273[nll] #166 tok 8545: 1.303322 argmax 8545
 8545[nll] #167 tok 694: 0.757612 argmax 694
 694[nll] #168 tok 1325: 1.056214 argmax 1325
 1325[nll] #169 tok 2526: 0.214437 argmax 2526
 2526[nll] #170 tok 14273: 0.473067 argmax 14273
 14273[nll] #171 tok 13: 0.975247 argmax 13
 13[nll] #172 tok 14235: 1.239058 argmax 14235
 14235[nll] #173 tok 28476: 1.535981 argmax 28476
 28476[nll] #174 tok 13: 0.356532 argmax 13
 13[nll] #175 tok 271: 0.285316 argmax 271
 271[nll] #176 tok 9764: 0.913654 argmax 9764
 9764[nll] #177 tok 579: 0.297228 argmax 579
 579[nll] #178 tok 22903: 1.144007 argmax 22903
 22903[nll] #179 tok 13: 0.213163 argmax 13
 13[nll] #180 tok 20762: 1.137705 argmax 20762
 20762[nll] #181 tok 7308: 0.872777 argmax 7308
 7308[nll] #182 tok 2397: 0.691977 argmax 2397
 2397[nll] #183 tok 40823: 0.121054 argmax 40823
 40823[nll] #184 tok 13: 0.001512 argmax 13
 13[nll] #185 tok 271: 1.025850 argmax 271
 271[nll] #186 tok 1596: 1.001640 argmax 1596
 1596[nll] #187 tok 628: 0.488139 argmax 628
 628[nll] #188 tok 1683: 1.586371 argmax 1683
 1683[nll] #189 tok 364: 1.671720 argmax 364
 364[nll] #190 tok 8097: 0.479234 argmax 8097
 8097[nll] #191 tok 324: 0.040740 argmax 324
 324[nll] #192 tok 11: 0.389542 argmax 11
 11[nll] #193 tok 33363: 0.916024 argmax 33363
 33363[nll] #194 tok 4528: 0.295526 argmax 4528
 4528[nll] #195 tok 440: 0.614473 argmax 440
 440[nll] #196 tok 274: 0.679010 argmax 274
 274[nll] #197 tok 9628: 0.166567 argmax 9628
 9628[nll] #198 tok 17: 0.001668 argmax 17
 17[nll] #199 tok 75: 0.000086 argmax 75
 75[nll] #200 tok 11: 0.539899 argmax 11
 11[nll] #201 tok 2702: 0.837515 argmax 2702
 2702[nll] #202 tok 14273: 0.348491 argmax 14273
 14273[nll] #203 tok 2564: 0.220276 argmax 2564
 2564[nll] #204 tok 21: 0.001337 argmax 21
 21[nll] #205 tok 15: 0.000003 argmax 15
 15[nll] #206 tok 11: 0.087768 argmax 11
 11[nll] #207 tok 4528: 0.043426 argmax 4528
 4528[nll] #208 tok 2564: 0.228570 argmax 2564
 2564[nll] #209 tok 19: 0.000087 argmax 19
 19[nll] #210 tok 15: 0.000006 argmax 15
 15[nll] #211 tok 15: 0.000012 argmax 15
 15[nll] #212 tok 13: 0.005695 argmax 13
 13[nll] #213 tok 8439: 0.936461 argmax 8439
 8439[nll] #214 tok 10728: 1.124073 argmax 10728
 10728[nll] #215 tok 4528: 0.691799 argmax 4528
 4528[nll] #216 tok 220: 0.520831 argmax 220
 220[nll] #217 tok 20: 0.001091 argmax 20
 20[nll] #218 tok 11: 0.834496 argmax 11
 11[nll] #219 tok 2526: 0.250451 argmax 2526
 2526[nll] #220 tok 220: 0.057333 argmax 220
 220[nll] #221 tok 17: 0.000201 argmax 17
 17[nll] #222 tok 11: 0.307282 argmax 11
 11[nll] #223 tok 3349: 0.007719 argmax 3349
 3349[nll] #224 tok 220: 0.005674 argmax 220
 220[nll] #225 tok 16: 0.000034 argmax 16
 16[nll] #226 tok 16: 0.000108 argmax 16
 16[nll] #227 tok 13: 0.064440 argmax 13
 13[nll] #228 tok 1946: 1.826340 argmax 1946
 1946[nll] #229 tok 33363: 0.017991 argmax 33363
 33363[nll] #230 tok 4528: 0.040225 argmax 4528
 4528[nll] #231 tok 11: 1.053932 argmax 11
 11[nll] #232 tok 10386: 1.104501 argmax 10386
 10386[nll] #233 tok 3349: 0.566177 argmax 3349
 3349[nll] #234 tok 321: 1.547205 argmax 321
 321[nll] #235 tok 10728: 0.015108 argmax 10728
 10728[nll] #236 tok 888: 0.614034 argmax 888
 888[nll] #237 tok 2526: 0.000185 argmax 2526
 2526[nll] #238 tok 11: 0.934086 argmax 11
 11[nll] #239 tok 694: 0.005027 argmax 694
 694[nll] #240 tok 2526: 0.783424 argmax 2526
 2526[nll] #241 tok 2483: 0.589402 argmax 2483
 2483[nll] #242 tok 13: 0.527090 argmax 13
 13[nll] #243 tok 1690: 0.947463 argmax 1690
 1690[nll] #244 tok 8097: 0.417636 argmax 8097
 8097[nll] #245 tok 324: 0.013910 argmax 324
 324[nll] #246 tok 11: 0.202961 argmax 11
 11[nll] #247 tok 7776: 0.851422 argmax 7776
 7776[nll] #248 tok 2526: 0.278832 argmax 2526
 2526[nll] #249 tok 220: 0.900740 argmax 220
 220[nll] #250 tok 17: 0.000097 argmax 17
 17[nll] #251 tok 75: 0.000300 argmax 75
 75[nll] #252 tok 13: 0.340690 argmax 13
 13[nll] #253 tok 4844: 0.847043 argmax 4844
 4844[nll] #254 tok 9376: 0.220012 argmax 9376
 9376[nll] #255 tok 14273: 0.298181 argmax 14273
 14273[nll] #256 tok 628: 1.358067 argmax 628
 628[nll] #257 tok 381: 0.004187 argmax 381
 381[nll] #258 tok 10728: 0.108099 argmax 10728
 10728[nll] #259 tok 318: 1.266389 argmax 318
 318[nll] #260 tok 20: 1.357063 argmax 20
 20[nll] #261 tok 8: 0.401340 argmax 8
 8[nll] #262 tok 466: 0.824628 argmax 466
 466[nll] #263 tok 2526: 1.062879 argmax 2526
 2526[nll] #264 tok 318: 0.479694 argmax 318
 318[nll] #265 tok 17: 0.053254 argmax 17
 17[nll] #266 tok 553: 0.812934 argmax 553
 553[nll] #267 tok 16030: 1.041750 argmax 16030
 16030[nll] #268 tok 791: 1.398371 argmax 791
 791[nll] #269 tok 3618: 0.029909 argmax 3618
 3618[nll] #270 tok 10728: 0.882178 argmax 10728
 10728[nll] #271 tok 835: 0.736931 argmax 835
 835[nll] #272 tok 2526: 0.022600 argmax 2526
 2526[nll] #273 tok 11: 0.353419 argmax 11
 11[nll] #274 tok 748: 0.172942 argmax 748
 748[nll] #275 tok 364: 1.111340 argmax 364
 364[nll] #276 tok 8097: 0.489759 argmax 8097
 8097[nll] #277 tok 324: 0.470184 argmax 324
 324[nll] #278 tok 321: 0.193044 argmax 321
 321[nll] #279 tok 3618: 0.938452 argmax 3618
 3618[nll] #280 tok 1698: 0.579917 argmax 1698
 1698[nll] #281 tok 11: 0.412142 argmax 11
 11[nll] #282 tok 958: 0.836567 argmax 958
 958[nll] #283 tok 430: 0.558381 argmax 430
 430[nll] #284 tok 1599: 0.006436 argmax 1599
 1599[nll] #285 tok 10728: 0.161571 argmax 10728
 10728[nll] #286 tok 430: 0.004453 argmax 430
 430[nll] #287 tok 3102: 0.027265 argmax 3102
 3102[nll] #288 tok 11: 1.308998 argmax 11
 11[nll] #289 tok 694: 0.954878 argmax 694
 694[nll] #290 tok 4528: 0.119833 argmax 4528
 4528[nll] #291 tok 1994: 0.663589 argmax 1994
 1994[nll] #292 tok 1189: 0.680296 argmax 1189
 1189[nll] #293 tok 3798: 0.511795 argmax 3798
 3798[nll] #294 tok 13: 0.043162 argmax 13
 13[nll] #295 tok 7054: 1.502935 argmax 7054
 7054[nll] #296 tok 3349: 1.199152 argmax 3349
 3349[nll] #297 tok 1698: 1.630513 argmax 1698
 1698[nll] #298 tok 324: 1.011264 argmax 324
 324[nll] #299 tok 57496: 1.705163 argmax 57496
 57496[nll] #300 tok 14273: 1.065784 argmax 14273
 14273[nll] #301 tok 321: 0.161339 argmax 321
 321[nll] #302 tok 4528: 0.120635 argmax 4528
 4528[nll] #303 tok 13: 0.454790 argmax 13
 13[nll] #304 tok 271: 0.962267 argmax 271
 271[nll] #305 tok 73174: 1.704942 argmax 73174
 73174[nll] #306 tok 25: 1.461490 argmax 25
 25[nll] #307 tok 33363: 1.432679 argmax 33363
 33363[nll] #308 tok 4528: 0.857509 argmax 4528
 4528[nll] #309 tok 3704: 1.966137 argmax 3704
 3704[nll] #310 tok 310: 0.142072 argmax 310
 310[nll] #311 tok 16484: 1.301118 argmax 16484
 16484[nll] #312 tok 13: 0.051896 argmax 13
 13[nll] #313 tok 8439: 0.787391 argmax 8439
 8439[nll] #314 tok 4528: 1.095806 argmax 4528
 4528[nll] #315 tok 1994: 0.610139 argmax 1994
 1994[nll] #316 tok 220: 0.050371 argmax 220
 220[nll] #317 tok 19: 0.000311 argmax 19
 19[nll] #318 tok 15: 0.000024 argmax 15
 15[nll] #319 tok 15: 0.000032 argmax 15
 15[nll] #320 tok 11: 0.808220 argmax 11
 11[nll] #321 tok 413: 1.553430 argmax 413
 413[nll] #322 tok 40803: 1.112858 argmax 40803
 40803[nll] #323 tok 310: 0.915104 argmax 310
 310[nll] #324 tok 5372: 0.433617 argmax 5372
 5372[nll] #325 tok 220: 0.072459 argmax 220
 220[nll] #326 tok 19: 0.000637 argmax 19
 19[nll] #327 tok 15: 0.000003 argmax 15
 15[nll] #328 tok 15: 0.000161 argmax 15
 15[nll] #329 tok 11: 1.161283 argmax 11
 11[nll] #330 tok 4087: 0.169021 argmax 4087
 4087[nll] #331 tok 220: 0.030495 argmax 220
 220[nll] #332 tok 19: 0.000236 argmax 19
 19[nll] #333 tok 15: 0.000008 argmax 15
 15[nll] #334 tok 15: 0.000018 argmax 15
 15[nll] #335 tok 13: 0.104262 argmax 13
 13[nll] #336 tok 14235: 0.080526 argmax 14235
 14235[nll] #337 tok 1716: 0.798170 argmax 1716
 1716[nll] #338 tok 413: 0.183838 argmax 413
 413[nll] #339 tok 1017: 1.420461 argmax 1017
 1017[nll] #340 tok 369: 0.676329 argmax 369
 369[nll] #341 tok 7308: 0.494088 argmax 7308
 7308[nll] #342 tok 14159: 1.086097 argmax 6093
 14159[nll] #343 tok 34860: 0.243734 argmax 34860
 34860[nll] #344 tok 16484: 0.787749 argmax 16484
 16484[nll] #345 tok 321: 1.080936 argmax 321
 321[nll] #346 tok 274: 1.603091 argmax 274
 274[nll] #347 tok 9628: 0.033580 argmax 9628
 9628[nll] #348 tok 17: 0.000010 argmax 17
 17[nll] #349 tok 75: 0.000074 argmax 75
 75[nll] #350 tok 13: 0.654044 argmax 13
 13[nll] #351 tok 1368: 0.806380 argmax 1368
 1368[nll] #352 tok 9542: 0.299206 argmax 9542
 9542[nll] #353 tok 7526: 0.826611 argmax 7526
 7526[nll] #354 tok 2702: 0.818396 argmax 2702
 2702[nll] #355 tok 4528: 0.008209 argmax 4528
 4528[nll] #356 tok 220: 0.522751 argmax 220
 220[nll] #357 tok 19: 0.000035 argmax 19
 19[nll] #358 tok 15: 0.000017 argmax 15
 15[nll] #359 tok 15: 0.000004 argmax 15
 15[nll] #360 tok 13: 0.173236 argmax 13
 13[nll] #361 tok 14235: 0.351768 argmax 14235
 14235[nll] #362 tok 1423: 0.845195 argmax 1423
 1423[nll] #363 tok 14159: 0.022551 argmax 14159
 14159[nll] #364 tok 13: 0.073364 argmax 13
 13[nll] #365 tok 6558: 0.934907 argmax 6558
 6558[nll] #366 tok 579: 0.000856 argmax 579
 579[nll] #367 tok 1436: 0.886464 argmax 1436
 1436[nll] #368 tok 13: 0.729951 argmax 13
 13[nll] #369 tok 271: 0.445070 argmax 271
 271[nll] #370 tok 22916: 0.729841 argmax 22916
 22916[nll] #371 tok 274: 1.367953 argmax 274
 274[nll] #372 tok 57838: 0.202044 argmax 57838
 57838[nll] #373 tok 73314: 0.000191 argmax 73314
 73314[nll] #374 tok 2564: 0.466804 argmax 2564
 2564[nll] #375 tok 21: 0.058594 argmax 21
 21[nll] #376 tok 15: 0.000018 argmax 15
 15[nll] #377 tok 11: 0.262592 argmax 11
 11[nll] #378 tok 220: 0.574849 argmax 220
 220[nll] #379 tok 17: 0.001238 argmax 17
 17[nll] #380 tok 82: 0.000381 argmax 82
 82[nll] #381 tok 10: 0.000735 argmax 10
 10[nll] #382 tok 20: 0.001460 argmax 20
 20[nll] #383 tok 76: 0.000089 argmax 76
 76[nll] #384 tok 10: 0.000047 argmax 10
 10[nll] #385 tok 16: 0.000071 argmax 16
 16[nll] #386 tok 16: 0.000010 argmax 16
 16[nll] #387 tok 75: 0.000023 argmax 75
 75[nll] #388 tok 28: 0.420890 argmax 28
 28[nll] #389 tok 19: 0.001650 argmax 19
 19[nll] #390 tok 15: 0.000001 argmax 15
 15[nll] #391 tok 15: 0.000011 argmax 15
 15[nll] #392 tok 11: 1.094979 argmax 11
 11[nll] #393 tok 274: 0.000646 argmax 274
 274[nll] #394 tok 9628: 0.002400 argmax 9628
 9628[nll] #395 tok 17: 0.000020 argmax 17
 17[nll] #396 tok 75: 0.000129 argmax 75
 75[nll] #397 tok 13: 0.115650 argmax 13
 13[nll] #398 tok 2091: 1.250199 argmax 2091
 2091[nll] #399 tok 1017: 0.731171 argmax 1017
 1017[nll] #400 tok 6093: 0.330579 argmax 6093
 6093[nll] #401 tok 30: 0.003751 argmax 30
 30[nll] #402 tok 6558: 1.042398 argmax 6558
 6558[nll] #403 tok 579: 0.087638 argmax 579
 579[nll] #404 tok 2624: 1.189602 argmax 2624
 2624[nll] #405 tok 32122: 0.112570 argmax 32122
 32122[nll] #406 tok 13: 0.022799 argmax 13
 13[nll] #407 tok 271: 1.047830 argmax 271
 271[nll] #408 tok 3702: 1.633417 argmax 3702
 3702[nll] #409 tok 4528: 0.330744 argmax 4528
 4528[nll] #410 tok 220: 1.138732 argmax 220
 220[nll] #411 tok 19: 0.000899 argmax 19
 19[nll] #412 tok 15: 0.000005 argmax 15
 15[nll] #413 tok 15: 0.000003 argmax 15
 15[nll] #414 tok 321: 0.714479 argmax 321
 321[nll] #415 tok 14273: 0.577149 argmax 14273
 14273[nll] #416 tok 2564: 0.146983 argmax 2564
 2564[nll] #417 tok 21: 0.000055 argmax 21
 21[nll] #418 tok 15: 0.000007 argmax 15
 15[nll] #419 tok 13: 0.401308 argmax 13
 13[nll] #420 tok 22830: 0.208593 argmax 22830
 22830[nll] #421 tok 4528: 0.019033 argmax 4528
 4528[nll] #422 tok 2518: 0.939015 argmax 2518
 2518[nll] #423 tok 220: 0.233884 argmax 220
 220[nll] #424 tok 19: 0.180241 argmax 19
 19[nll] #425 tok 15: 0.000006 argmax 15
 15[nll] #426 tok 15: 0.000026 argmax 15
 15[nll] #427 tok 14: 0.001203 argmax 14
 14[nll] #428 tok 21: 0.013927 argmax 21
 21[nll] #429 tok 15: 0.000017 argmax 15
 15[nll] #430 tok 283: 0.698914 argmax 283
 283[nll] #431 tok 220: 0.026876 argmax 220
 220[nll] #432 tok 21: 0.000490 argmax 21
 21[nll] #433 tok 13: 0.000016 argmax 13
 13[nll] #434 tok 21: 0.000010 argmax 21
 21[nll] #435 tok 21: 0.001535 argmax 21
 21[nll] #436 tok 21: 0.700382 argmax 22
 21[nll] #437 tok 13: 0.913687 argmax 13
 13[nll] #438 tok 14235: 0.392063 argmax 14235
 14235[nll] #439 tok 1599: 1.151469 argmax 1599
 1599[nll] #440 tok 3349: 0.676031 argmax 3349
 3349[nll] #441 tok 14: 0.154211 argmax 14
 14[nll] #442 tok 25252: 0.004026 argmax 25252
 25252[nll] #443 tok 13: 0.036454 argmax 13
 13[nll] #444 tok 42794: 0.507317 argmax 42794
 42794[nll] #445 tok 274: 0.298565 argmax 274
 274[nll] #446 tok 9628: 0.118683 argmax 9628
 9628[nll] #447 tok 17: 0.000064 argmax 17
 17[nll] #448 tok 75: 0.000515 argmax 75
 75[nll] #449 tok 3254: 1.703194 argmax 3254
 3254[nll] #450 tok 2526: 1.385400 argmax 2526
 2526[nll] #451 tok 506: 0.690533 argmax 506
 506[nll] #452 tok 3140: 0.002828 argmax 3140
 3140[nll] #453 tok 220: 0.535251 argmax 220
 220[nll] #454 tok 17: 0.008244 argmax 17
 17[nll] #455 tok 75: 0.647821 argmax 75
 75[nll] #456 tok 13: 0.629380 argmax 13
 13[nll] #457 tok 1368: 2.016979 argmax 1368
 1368[nll] #458 tok 324: 0.440006 argmax 324
 324[nll] #459 tok 3349: 0.241413 argmax 3349
 3349[nll] #460 tok 11: 0.074646 argmax 11
 11[nll] #461 tok 1599: 1.236653 argmax 1599
 1599[nll] #462 tok 2526: 0.101813 argmax 2526
 2526[nll] #463 tok 3238: 1.213090 argmax 3238
 3238[nll] #464 tok 4528: 0.044165 argmax 4528
 4528[nll] #465 tok 13: 0.985818 argmax 13
 13[nll] #466 tok 271: 1.324538 argmax 271
 271[nll] #467 tok 9764: 0.816376 argmax 9764
 9764[nll] #468 tok 579: 0.923593 argmax 579
 579[nll] #469 tok 85802: 1.248137 argmax 85802
 85802[nll] #470 tok 13: 1.005856 argmax 13
 13[nll] #471 tok 6558: 0.552408 argmax 6558
 6558[nll] #472 tok 274: 0.289520 argmax 274
 274[nll] #473 tok 28: 0.268258 argmax 28
 28[nll] #474 tok 17: 0.000169 argmax 17
 17[nll] #475 tok 75: 0.000034 argmax 75
 75[nll] #476 tok 478: 0.558888 argmax 478
 478[nll] #477 tok 830: 0.494177 argmax 830
 830[nll] #478 tok 11: 0.262616 argmax 11
 11[nll] #479 tok 830: 0.001400 argmax 830
 830[nll] #480 tok 9628: 0.009746 argmax 9628
 9628[nll] #481 tok 15: 0.000070 argmax 15
 15[nll] #482 tok 13: 0.192136 argmax 13
 13[nll] #483 tok 4844: 0.405363 argmax 4844
 4844[nll] #484 tok 2702: 0.750848 argmax 2702
 2702[nll] #485 tok 14273: 0.112336 argmax 14273
 14273[nll] #486 tok 283: 0.825179 argmax 283
 283[nll] #487 tok 220: 0.478039 argmax 220
 220[nll] #488 tok 18: 0.014643 argmax 18
 18[nll] #489 tok 75: 0.000078 argmax 75
 75[nll] #490 tok 478: 0.024157 argmax 478
 478[nll] #491 tok 830: 0.069818 argmax 830
 830[nll] #492 tok 478: 0.000094 argmax 478
 478[nll] #493 tok 295: 0.000037 argmax 295
 295[nll] #494 tok 2564: 0.002372 argmax 2564
 2564[nll] #495 tok 21: 0.096110 argmax 21
 21[nll] #496 tok 15: 0.000006 argmax 15
 15[nll] #497 tok 13: 0.122568 argmax 13
 13[nll] #498 tok 16030: 0.020063 argmax 16030
 16030[nll] #499 tok 283: 0.047924 argmax 283
 283[nll] #500 tok 220: 0.014243 argmax 220
 220[nll] #501 tok 19: 0.716182 argmax 19
 19[nll] #502 tok 75: 0.000623 argmax 75
 75[nll] #503 tok 478: 0.310210 argmax 478
 478[nll] #504 tok 220: 0.584070 argmax 220
 220[nll] #505 tok 17: 0.025463 argmax 17
 17[nll] #506 tok 87: 0.000258 argmax 87
 87[nll] #507 tok 478: 0.003651 argmax 478
 478[nll] #508 tok 20: 0.337884 argmax 20
 20[nll] #509 tok 76: 0.002412 argmax 76
 76[nll] #510 tok 478: 0.353298 argmax 478
 478[nll] #511 tok 16: 0.004080 argmax 16
 16[nll] #512 tok 16: 0.000158 argmax 16
 16[nll] #513 tok 75: 0.000435 argmax 75
 75[nll] #514 tok 283: 0.229328 argmax 283
 283[nll] #515 tok 16: 0.399302 argmax 16
 16[nll] #516 tok 20: 0.000537 argmax 20
 20[nll] #517 tok 75: 0.000196 argmax 75
 75[nll] #518 tok 478: 0.256639 argmax 478
 478[nll] #519 tok 17: 0.208624 argmax 17
 17[nll] #520 tok 87: 0.000215 argmax 87
 87[nll] #521 tok 10: 0.225088 argmax 10
 10[nll] #522 tok 20: 0.000021 argmax 20
 20[nll] #523 tok 76: 0.000019 argmax 76
 76[nll] #524 tok 2564: 0.363347 argmax 2564
 2564[nll] #525 tok 19: 0.000925 argmax 19
 19[nll] #526 tok 15: 0.000005 argmax 15
 15[nll] #527 tok 15: 0.000015 argmax 15
 15[nll] #528 tok 13: 0.116315 argmax 13
 13[nll] #529 tok 7252: 0.511887 argmax 7252
 7252[nll] #530 tok 11514: 0.643631 argmax 11514
 11514[nll] #531 tok 13: 0.979108 argmax 13
 13[nll] #532 tok 271: 1.376797 argmax 271
 271[nll] #533 tok 2381: 1.332512 argmax 2592
 2381[nll] #534 tok 2574: 1.430792 argmax 2574
 2574[nll] #535 tok 324: 0.034524 argmax 324
 324[nll] #536 tok 11: 0.253291 argmax 11
 11[nll] #537 tok 310: 1.072272 argmax 310
 310[nll] #538 tok 33363: 0.547962 argmax 33363
 33363[nll] #539 tok 4528: 0.024129 argmax 4528
 4528[nll] #540 tok 440: 0.926963 argmax 440
 440[nll] #541 tok 3618: 0.462197 argmax 3618
 3618[nll] #542 tok 1994: 0.660340 argmax 1994
 1994[nll] #543 tok 11: 1.111978 argmax 11
 11[nll] #544 tok 4992: 1.179543 argmax 4992
 4992[nll] #545 tok 295: 0.683859 argmax 295
 295[nll] #546 tok 430: 0.629845 argmax 430
 430[nll] #547 tok 3349: 0.694169 argmax 3349
 3349[nll] #548 tok 430: 0.059390 argmax 430
 430[nll] #549 tok 3102: 0.007817 argmax 3102
 3102[nll] #550 tok 30: 0.889557 argmax 30
 30[nll] #551 tok 16030: 0.864809 argmax 16030
 16030[nll] #552 tok 791: 0.648096 argmax 791
 791[nll] #553 tok 3618: 0.220602 argmax 3618
 3618[nll] #554 tok 10728: 1.437570 argmax 10728
 10728[nll] #555 tok 220: 0.213482 argmax 220
 220[nll] #556 tok 20: 0.001578 argmax 20
 20[nll] #557 tok 11: 0.495620 argmax 11
 11[nll] #558 tok 2526: 0.297756 argmax 2526
 2526[nll] #559 tok 220: 0.760663 argmax 220
 220[nll] #560 tok 17: 0.001015 argmax 17
 17[nll] #561 tok 13: 0.573788 argmax 13
 13[nll] #562 tok 1921: 0.832537 argmax 1921
 1921[nll] #563 tok 3349: 0.927825 argmax 3349
 3349[nll] #564 tok 7139: 1.713925 argmax 7139
 7139[nll] #565 tok 30: 1.437565 argmax 30
 30[nll] #566 tok 32645: 2.165035 argmax 32645
 32645[nll] #567 tok 324: 1.419575 argmax 324
 324[nll] #568 tok 41553: 1.025771 argmax 41553
 41553[nll] #569 tok 220: 0.298011 argmax 220
 220[nll] #570 tok 16: 0.689207 argmax 16
 16[nll] #571 tok 20: 0.217668 argmax 20
 20[nll] #572 tok 4528: 0.260044 argmax 4528
 4528[nll] #573 tok 791: 1.127652 argmax 791
 791[nll] #574 tok 324: 0.645089 argmax 324
 324[nll] #575 tok 303: 1.753588 argmax 303
 303[nll] #576 tok 22773: 0.426518 argmax 22773
 22773[nll] #577 tok 318: 1.481829 argmax 318
 318[nll] #578 tok 26756: 1.305867 argmax 26756
 26756[nll] #579 tok 7225: 1.108132 argmax 7225
 7225[nll] #580 tok 220: 0.059705 argmax 220
 220[nll] #581 tok 17: 0.028698 argmax 17
 17[nll] #582 tok 2526: 0.063449 argmax 2526
 2526[nll] #583 tok 553: 1.527247 argmax 553
 553[nll] #584 tok 16030: 1.838952 argmax 16030
 16030[nll] #585 tok 791: 0.024371 argmax 791
 791[nll] #586 tok 328: 1.522176 argmax 328
 328[nll] #587 tok 16275: 0.776090 argmax 16275
 16275[nll] #588 tok 6129: 1.217785 argmax 6129
 6129[nll] #589 tok 1: 0.258210 argmax 1
 1[nll] #590 tok 318: 0.843130 argmax 318
 318[nll] #591 tok 16: 0.805255 argmax 16
 16[nll] #592 tok 3349: 0.016471 argmax 3349
 3349[nll] #593 tok 478: 0.516997 argmax 478
 478[nll] #594 tok 220: 0.563895 argmax 220
 220[nll] #595 tok 17: 0.000271 argmax 17
 17[nll] #596 tok 2526: 0.072690 argmax 2526
 2526[nll] #597 tok 8: 0.035867 argmax 8
 8[nll] #598 tok 283: 0.239212 argmax 283
 283[nll] #599 tok 16: 0.541871 argmax 16
 16[nll] #600 tok 20: 0.022053 argmax 20
 20

decode: 600 tokens in 33.63 s  (17.84 tok/s), n_past=734
cached graph replays: 28752; per replay alloc 0 us, launch 9 us, wait 532 us
step profile: eval 32.75 s = pre 0.84 + graphA 15.86 + CPU MoE 5.19 + io 7.65 + head 0.80 + rest 2.42 | draft head 0.00 s
replay NLL: 0.4427 per token (ppl 1.56) over 600 tokens
expert cache: 98.1% hit, 92.5% from VRAM, 56.54 GB from disk
              tiers: 27892 promotions, 18753 RAM evictions, 0 cold-file reads, 0 upgrades
              RAM tier at end: 11258 slots = 11205 hot + 0 cold (0 of them hot-worthy) + 53 empty; 1619 prefetched unused, 0 in flight; 0 experts marked hot-worthy
decode split: graphA(GPU) 15.86 s | MoE gpu 0.23 s (276933 experts, sync-wait 0.00 s) | MoE cpu 5.19 s (21656 experts) | io 13.68 s
              per expert: gpu 1 us, cpu 240 us  (283.3x)
              graphA per decode layer: recurrent 526 us (x21600), attention 592 us (x7200) [attention: build+alloc 0 us, gpu 0 us; per-token inputs 30 us]
prefetch: 78.2% of the next layer's experts predicted correctly | 15070 issued, 11115 used (73.8%), 2336 wasted
prediction by rank, precision %: r1 98 r2 96 r3 94 r4 91 r5 86 r6 80 r7 73 r8 65 r9 55 r10 44 r11 33 r12 25 r13 19 r14 15 r15 12 r16 10
prediction by margin [edge+) P(correct)% / share%: [0) 34/17.1 [0.05) 34/15.9 [0.1) 40/21.9 [0.2) 54/12.3 [0.3) 77/12.9 [0.5) 94/8.9 [0.75) 98/5.4 [1) 99/4.5 [1.5) 99/0.9 [2) 97/0.2 [3) 28/0.0 [5) 0/0.0
prediction by layer, worst 10: L1 41 L47 47 L31 53 L15 55 L3 59 L37 68 L6 72 L45 73 L2 74 L46 75  | best: L40 91
io breakdown: submit 0.08 s, promote 0.09 s, wait 7.47 s | 3987 bursts, 47898 reads, 12.0 reads/burst, 1153 KiB/read
             wait-only bandwidth: 7.57 GB/s   (device peak measured 7.0 GB/s)
             io_engine: backend=threads, O_DIRECT=1, 47898 reads, 28.51 GB actually read, prep 0.04 s, io_uring_submit 0.00 s
engine time: prefill 6.75 s / 134 tok, decode 32.75 s / 600 tok, expert io 13.68 s
wall 51.88 s maxrss 22383756 KB
