[qwfn] direct I/O: 512-byte slots, page-aligned reads through a bounce buffer (slice strides are not page multiples)
ggml_cuda_init: found 1 CUDA devices (Total VRAM: 15847 MiB):
  Device 0: NVIDIA GeForce RTX 5060 Ti, compute capability 12.0, VMM: yes, VRAM: 15847 MiB
[qwfn] CPU threadpool: 5 threads, poll 50, cpus 0-7
 (pinned)
[qwfn] prefetch: speculative block on (0 of 47 predicted layers), margin gate off
[qwfn] decode QSA state: 57.5 MB (pooled block keys for 18432 blocks, 513 kept)
[qwfn] prefill VRAM (dynamic, lent by the expert tier): 5.31 GB; decode reserve 1153 MB
ggml_backend_cuda_buffer_type_alloc_buffer: allocating 12495.74 MiB on device 0: cudaMalloc failed: out of memory
ggml_backend_cuda_buffer_type_alloc_buffer: allocating 11991.03 MiB on device 0: cudaMalloc failed: out of memory
ggml_backend_cuda_buffer_type_alloc_buffer: allocating 11501.90 MiB on device 0: cudaMalloc failed: out of memory
ggml_backend_cuda_buffer_type_alloc_buffer: allocating 11055.66 MiB on device 0: cudaMalloc failed: out of memory
ggml_backend_cuda_buffer_type_alloc_buffer: allocating 10625.97 MiB on device 0: cudaMalloc failed: out of memory
[qwfn] expert VRAM tier: 9.55 GB, 5686 blocks (23.1%), of which 27 layers (5109 MiB) are handed to the prefill
[qwfn] expert RAM tier: 18.94 GB arena (pinned), 11258 of 24576 expert blocks (45.8%)
[qwfn] prefill streamer: host 2 x 1.19 GB (pinned), device 1.19 GB (device, allocated per prefill), 16 MB chunks, read-ahead on
[nll] #1 tok 1596: 0.000038 argmax 1596
dense core 3.84271 GB on CUDA0 | state @ 73728 ctx: KV 0.962593 GB (q8_0), indexer 0.226492 GB, deltanet 113.246 MB (constant), conv 4.79232 MB  =>  total 1.30712 GB on the device | expert cache 11258 RAM blocks, 5686 VRAM blocks

prefill: 134 tokens in 7.06 s  (19.0 tok/s)
replaying: 1596[nll] #2 tok 1144: 0.000067 argmax 1144
 1144[nll] #3 tok 4087: 0.671909 argmax 4087
 4087[nll] #4 tok 6673: 0.297962 argmax 6673
 6673[nll] #5 tok 24460: 0.067203 argmax 24460
 24460[nll] #6 tok 13: 0.044126 argmax 13
 13[nll] #7 tok 14235: 0.327284 argmax 14235
 14235[nll] #8 tok 11290: 0.513036 argmax 11290
 11290[nll] #9 tok 15060: 0.176619 argmax 15060
 15060[nll] #10 tok 13: 0.037422 argmax 13
 13[nll] #11 tok 21397: 0.426214 argmax 21397
 21397[nll] #12 tok 25: 0.000928 argmax 25
 25[nll] #13 tok 14273: 0.698287 argmax 14273
 14273[nll] #14 tok 13914: 0.521189 argmax 13914
 13914[nll] #15 tok 220: 0.506693 argmax 220
 220[nll] #16 tok 17: 0.000182 argmax 17
 17[nll] #17 tok 11: 0.037046 argmax 11
 11[nll] #18 tok 20: 0.003942 argmax 20
 20[nll] #19 tok 11: 0.000026 argmax 11
 11[nll] #20 tok 16: 0.000020 argmax 16
 16[nll] #21 tok 16: 0.000032 argmax 16
 16[nll] #22 tok 20332: 0.206944 argmax 20332
 20332[nll] #23 tok 13: 0.062408 argmax 13
 13[nll] #24 tok 32569: 0.163004 argmax 32569
 32569[nll] #25 tok 1866: 1.153224 argmax 1866
 1866[nll] #26 tok 220: 0.447369 argmax 220
 220[nll] #27 tok 19: 0.001225 argmax 19
 19[nll] #28 tok 15: 0.000053 argmax 15
 15[nll] #29 tok 15: 0.000013 argmax 15
 15[nll] #30 tok 20332: 0.027814 argmax 20332
 20332[nll] #31 tok 321: 0.288992 argmax 321
 321[nll] #32 tok 1866: 0.282421 argmax 1866
 1866[nll] #33 tok 220: 0.000429 argmax 220
 220[nll] #34 tok 21: 0.000014 argmax 21
 21[nll] #35 tok 15: 0.000003 argmax 15
 15[nll] #36 tok 14273: 0.000023 argmax 14273
 14273[nll] #37 tok 13: 0.000794 argmax 13
 13[nll] #38 tok 1369: 0.969707 argmax 1369
 1369[nll] #39 tok 5234: 0.000040 argmax 5234
 5234[nll] #40 tok 1902: 0.289735 argmax 1902
 1902[nll] #41 tok 6435: 0.002900 argmax 6435
 6435[nll] #42 tok 506: 0.000573 argmax 506
 506[nll] #43 tok 3140: 0.000057 argmax 3140
 3140[nll] #44 tok 10598: 0.000040 argmax 10598
 10598[nll] #45 tok 430: 0.000167 argmax 430
 430[nll] #46 tok 1599: 0.000126 argmax 1599
 1599[nll] #47 tok 2526: 0.000048 argmax 2526
 2526[nll] #48 tok 14273: 0.298733 argmax 14273
 14273[nll] #49 tok 430: 0.000074 argmax 430
 430[nll] #50 tok 3349: 0.000026 argmax 3349
 3349[nll] #51 tok 5981: 0.014764 argmax 5981
 5981[nll] #52 tok 13: 0.204999 argmax 13
 13[nll] #53 tok 14235: 0.897742 argmax 14235
 14235[nll] #54 tok 7526: 0.015966 argmax 7526
 7526[nll] #55 tok 2702: 0.000317 argmax 2702
 2702[nll] #56 tok 4528: 0.000106 argmax 4528
 4528[nll] #57 tok 3074: 0.506885 argmax 3074
 3074[nll] #58 tok 10538: 0.000398 argmax 10538
 10538[nll] #59 tok 628: 0.019488 argmax 628
 628[nll] #60 tok 6564: 0.001163 argmax 6564
 6564[nll] #61 tok 11: 0.682484 argmax 11
 11[nll] #62 tok 1420: 0.761459 argmax 1420
 1420[nll] #63 tok 31626: 0.001177 argmax 31626
 31626[nll] #64 tok 321: 0.707924 argmax 321
 321[nll] #65 tok 14159: 0.016396 argmax 14159
 14159[nll] #66 tok 13: 0.153438 argmax 13
 13[nll] #67 tok 271: 0.362348 argmax 271
 271[nll] #68 tok 9764: 0.899617 argmax 9764
 9764[nll] #69 tok 274: 0.728352 argmax 274
 274[nll] #70 tok 12709: 0.197100 argmax 12709
 12709[nll] #71 tok 21518: 0.001651 argmax 21518
 21518[nll] #72 tok 2397: 0.415980 argmax 2397
 2397[nll] #73 tok 40823: 0.000432 argmax 40823
 40823[nll] #74 tok 24959: 0.003949 argmax 24959
 24959[nll] #75 tok 30: 0.501275 argmax 30
 30[nll] #76 tok 4222: 1.184160 argmax 4222
 4222[nll] #77 tok 14159: 0.686787 argmax 14159
 14159[nll] #78 tok 13: 0.626053 argmax 13
 13[nll] #79 tok 84457: 0.521845 argmax 84457
 84457[nll] #80 tok 25: 0.018631 argmax 25
 25[nll] #81 tok 198: 0.738935 argmax 198
 198[nll] #82 tok 82: 0.529161 argmax 82
 82[nll] #83 tok 478: 0.380468 argmax 478
 478[nll] #84 tok 295: 0.004908 argmax 295
 295[nll] #85 tok 478: 0.000055 argmax 478
 478[nll] #86 tok 324: 0.000052 argmax 324
 324[nll] #87 tok 2564: 0.011884 argmax 2564
 2564[nll] #88 tok 220: 0.032397 argmax 220
 220[nll] #89 tok 21: 0.000076 argmax 21
 21[nll] #90 tok 15: 0.000024 argmax 15
 15[nll] #91 tok 198: 0.353664 argmax 198
 198[nll] #92 tok 17: 0.007231 argmax 17
 17[nll] #93 tok 82: 0.000473 argmax 82
 82[nll] #94 tok 478: 0.036143 argmax 478
 478[nll] #95 tok 220: 0.368794 argmax 220
 220[nll] #96 tok 20: 0.000178 argmax 20
 20[nll] #97 tok 76: 0.000029 argmax 76
 76[nll] #98 tok 478: 0.000018 argmax 478
 478[nll] #99 tok 220: 0.017819 argmax 220
 220[nll] #100 tok 16: 0.000051 argmax 16
 16[nll] #101 tok 16: 0.000034 argmax 16
 16[nll] #102 tok 75: 0.000070 argmax 75
 75[nll] #103 tok 2564: 0.000110 argmax 2564
 2564[nll] #104 tok 220: 0.029785 argmax 220
 220[nll] #105 tok 19: 0.000018 argmax 19
 19[nll] #106 tok 15: 0.000003 argmax 15
 15[nll] #107 tok 15: 0.000006 argmax 15
 15[nll] #108 tok 198: 0.005892 argmax 198
 198[nll] #109 tok 82: 0.004638 argmax 82
 82[nll] #110 tok 2518: 0.000499 argmax 2518
 2518[nll] #111 tok 220: 0.000059 argmax 220
 220[nll] #112 tok 17: 0.000025 argmax 17
 17[nll] #113 tok 75: 0.015836 argmax 75
 75[nll] #114 tok 198: 0.688820 argmax 198
 198[nll] #115 tok 5786: 0.291315 argmax 5786
 5786[nll] #116 tok 11514: 0.076713 argmax 11514
 11514[nll] #117 tok 457: 0.046929 argmax 457
 457[nll] #118 tok 28: 0.670461 argmax 28
 28[nll] #119 tok 17: 0.000271 argmax 17
 17[nll] #120 tok 82: 0.000018 argmax 82
 82[nll] #121 tok 10: 0.000280 argmax 10
 10[nll] #122 tok 20: 0.000219 argmax 20
 20[nll] #123 tok 76: 0.000032 argmax 76
 76[nll] #124 tok 10: 0.000676 argmax 10
 10[nll] #125 tok 16: 0.000548 argmax 16
 16[nll] #126 tok 16: 0.000247 argmax 16
 16[nll] #127 tok 75: 0.000221 argmax 75
 75[nll] #128 tok 13: 0.213278 argmax 13
 13[nll] #129 tok 271: 0.259292 argmax 271
 271[nll] #130 tok 22916: 0.819004 argmax 22916
 22916[nll] #131 tok 7308: 1.315750 argmax 7526
 7308[nll] #132 tok 6093: 1.482522 argmax 6093
 6093[nll] #133 tok 13: 0.038592 argmax 13
 13[nll] #134 tok 8439: 1.136605 argmax 8439
 8439[nll] #135 tok 13914: 1.188898 argmax 13914
 13914[nll] #136 tok 6572: 0.414289 argmax 6572
 6572[nll] #137 tok 11: 0.245542 argmax 11
 11[nll] #138 tok 4222: 0.928643 argmax 4222
 4222[nll] #139 tok 958: 1.075498 argmax 958
 958[nll] #140 tok 1866: 1.483250 argmax 1866
 1866[nll] #141 tok 4528: 1.096601 argmax 4528
 4528[nll] #142 tok 20908: 1.354656 argmax 20908
 20908[nll] #143 tok 6970: 1.118145 argmax 6970
 6970[nll] #144 tok 220: 0.881674 argmax 220
 220[nll] #145 tok 19: 0.009139 argmax 19
 19[nll] #146 tok 15: 0.000045 argmax 15
 15[nll] #147 tok 15: 0.000131 argmax 15
 15[nll] #148 tok 6681: 1.419752 argmax 6681
 6681[nll] #149 tok 30: 0.677716 argmax 30
 30[nll] #150 tok 1921: 0.744579 argmax 1921
 1921[nll] #151 tok 3618: 0.602879 argmax 3618
 3618[nll] #152 tok 1698: 0.368301 argmax 1698
 1698[nll] #153 tok 20908: 1.081288 argmax 20908
 20908[nll] #154 tok 1189: 0.840713 argmax 1189
 1189[nll] #155 tok 10403: 1.474314 argmax 5190
 10403[nll] #156 tok 13: 0.312968 argmax 13
 13[nll] #157 tok 14235: 0.158260 argmax 14235
 14235[nll] #158 tok 33363: 0.500772 argmax 33363
 33363[nll] #159 tok 4528: 0.454978 argmax 4528
 4528[nll] #160 tok 1172: 1.258373 argmax 1172
 1172[nll] #161 tok 2107: 0.999781 argmax 2107
 2107[nll] #162 tok 13: 0.108385 argmax 13
 13[nll] #163 tok 8439: 1.773858 argmax 8439
 8439[nll] #164 tok 3349: 0.833216 argmax 3349
 3349[nll] #165 tok 14273: 0.979636 argmax 14273
 14273[nll] #166 tok 8545: 1.313721 argmax 8545
 8545[nll] #167 tok 694: 0.800106 argmax 694
 694[nll] #168 tok 1325: 1.018653 argmax 1325
 1325[nll] #169 tok 2526: 0.220650 argmax 2526
 2526[nll] #170 tok 14273: 0.435629 argmax 14273
 14273[nll] #171 tok 13: 0.967071 argmax 13
 13[nll] #172 tok 14235: 1.172157 argmax 14235
 14235[nll] #173 tok 28476: 1.502939 argmax 28476
 28476[nll] #174 tok 13: 0.339584 argmax 13
 13[nll] #175 tok 271: 0.273662 argmax 271
 271[nll] #176 tok 9764: 0.922555 argmax 9764
 9764[nll] #177 tok 579: 0.281502 argmax 579
 579[nll] #178 tok 22903: 1.140857 argmax 22903
 22903[nll] #179 tok 13: 0.233669 argmax 13
 13[nll] #180 tok 20762: 1.138254 argmax 20762
 20762[nll] #181 tok 7308: 0.852048 argmax 7308
 7308[nll] #182 tok 2397: 0.696138 argmax 2397
 2397[nll] #183 tok 40823: 0.126003 argmax 40823
 40823[nll] #184 tok 13: 0.001372 argmax 13
 13[nll] #185 tok 271: 1.037255 argmax 271
 271[nll] #186 tok 1596: 0.993111 argmax 1596
 1596[nll] #187 tok 628: 0.456945 argmax 628
 628[nll] #188 tok 1683: 1.507500 argmax 1683
 1683[nll] #189 tok 364: 1.656357 argmax 364
 364[nll] #190 tok 8097: 0.467709 argmax 8097
 8097[nll] #191 tok 324: 0.045030 argmax 324
 324[nll] #192 tok 11: 0.430794 argmax 11
 11[nll] #193 tok 33363: 0.928528 argmax 33363
 33363[nll] #194 tok 4528: 0.295462 argmax 4528
 4528[nll] #195 tok 440: 0.605484 argmax 440
 440[nll] #196 tok 274: 0.641041 argmax 274
 274[nll] #197 tok 9628: 0.169991 argmax 9628
 9628[nll] #198 tok 17: 0.002034 argmax 17
 17[nll] #199 tok 75: 0.000087 argmax 75
 75[nll] #200 tok 11: 0.488946 argmax 11
 11[nll] #201 tok 2702: 0.908476 argmax 274
 2702[nll] #202 tok 14273: 0.326909 argmax 14273
 14273[nll] #203 tok 2564: 0.221513 argmax 2564
 2564[nll] #204 tok 21: 0.001485 argmax 21
 21[nll] #205 tok 15: 0.000003 argmax 15
 15[nll] #206 tok 11: 0.082616 argmax 11
 11[nll] #207 tok 4528: 0.050949 argmax 4528
 4528[nll] #208 tok 2564: 0.237613 argmax 2564
 2564[nll] #209 tok 19: 0.000107 argmax 19
 19[nll] #210 tok 15: 0.000006 argmax 15
 15[nll] #211 tok 15: 0.000017 argmax 15
 15[nll] #212 tok 13: 0.006369 argmax 13
 13[nll] #213 tok 8439: 0.920957 argmax 8439
 8439[nll] #214 tok 10728: 1.240958 argmax 10728
 10728[nll] #215 tok 4528: 0.679688 argmax 4528
 4528[nll] #216 tok 220: 0.499225 argmax 220
 220[nll] #217 tok 20: 0.001286 argmax 20
 20[nll] #218 tok 11: 0.819602 argmax 11
 11[nll] #219 tok 2526: 0.247527 argmax 2526
 2526[nll] #220 tok 220: 0.050111 argmax 220
 220[nll] #221 tok 17: 0.000241 argmax 17
 17[nll] #222 tok 11: 0.267191 argmax 11
 11[nll] #223 tok 3349: 0.008531 argmax 3349
 3349[nll] #224 tok 220: 0.006572 argmax 220
 220[nll] #225 tok 16: 0.000037 argmax 16
 16[nll] #226 tok 16: 0.000105 argmax 16
 16[nll] #227 tok 13: 0.055597 argmax 13
 13[nll] #228 tok 1946: 1.791916 argmax 1946
 1946[nll] #229 tok 33363: 0.017313 argmax 33363
 33363[nll] #230 tok 4528: 0.044824 argmax 4528
 4528[nll] #231 tok 11: 0.997823 argmax 11
 11[nll] #232 tok 10386: 1.107843 argmax 10386
 10386[nll] #233 tok 3349: 0.528987 argmax 3349
 3349[nll] #234 tok 321: 1.532249 argmax 321
 321[nll] #235 tok 10728: 0.016867 argmax 10728
 10728[nll] #236 tok 888: 0.616399 argmax 888
 888[nll] #237 tok 2526: 0.000242 argmax 2526
 2526[nll] #238 tok 11: 0.885579 argmax 11
 11[nll] #239 tok 694: 0.005499 argmax 694
 694[nll] #240 tok 2526: 0.933852 argmax 2526
 2526[nll] #241 tok 2483: 0.607124 argmax 2483
 2483[nll] #242 tok 13: 0.571638 argmax 13
 13[nll] #243 tok 1690: 0.982228 argmax 1690
 1690[nll] #244 tok 8097: 0.386894 argmax 8097
 8097[nll] #245 tok 324: 0.017029 argmax 324
 324[nll] #246 tok 11: 0.179076 argmax 11
 11[nll] #247 tok 7776: 0.844933 argmax 7776
 7776[nll] #248 tok 2526: 0.281362 argmax 2526
 2526[nll] #249 tok 220: 0.883054 argmax 220
 220[nll] #250 tok 17: 0.000094 argmax 17
 17[nll] #251 tok 75: 0.000297 argmax 75
 75[nll] #252 tok 13: 0.329373 argmax 13
 13[nll] #253 tok 4844: 0.823931 argmax 4844
 4844[nll] #254 tok 9376: 0.203936 argmax 9376
 9376[nll] #255 tok 14273: 0.336640 argmax 14273
 14273[nll] #256 tok 628: 1.696610 argmax 628
 628[nll] #257 tok 381: 0.004795 argmax 381
 381[nll] #258 tok 10728: 0.111307 argmax 10728
 10728[nll] #259 tok 318: 1.402389 argmax 466
 318[nll] #260 tok 20: 1.306337 argmax 20
 20[nll] #261 tok 8: 0.417766 argmax 8
 8[nll] #262 tok 466: 0.784266 argmax 466
 466[nll] #263 tok 2526: 1.163380 argmax 2526
 2526[nll] #264 tok 318: 0.417091 argmax 318
 318[nll] #265 tok 17: 0.034202 argmax 17
 17[nll] #266 tok 553: 0.780520 argmax 553
 553[nll] #267 tok 16030: 1.033158 argmax 16030
 16030[nll] #268 tok 791: 1.453007 argmax 791
 791[nll] #269 tok 3618: 0.029039 argmax 3618
 3618[nll] #270 tok 10728: 0.895641 argmax 25
 10728[nll] #271 tok 835: 0.771477 argmax 835
 835[nll] #272 tok 2526: 0.027170 argmax 2526
 2526[nll] #273 tok 11: 0.368139 argmax 11
 11[nll] #274 tok 748: 0.206974 argmax 748
 748[nll] #275 tok 364: 1.181866 argmax 364
 364[nll] #276 tok 8097: 0.497921 argmax 8097
 8097[nll] #277 tok 324: 0.526779 argmax 324
 324[nll] #278 tok 321: 0.209786 argmax 321
 321[nll] #279 tok 3618: 0.884180 argmax 3618
 3618[nll] #280 tok 1698: 0.623159 argmax 1698
 1698[nll] #281 tok 11: 0.429244 argmax 11
 11[nll] #282 tok 958: 0.831786 argmax 958
 958[nll] #283 tok 430: 0.582242 argmax 430
 430[nll] #284 tok 1599: 0.006458 argmax 1599
 1599[nll] #285 tok 10728: 0.156990 argmax 10728
 10728[nll] #286 tok 430: 0.005262 argmax 430
 430[nll] #287 tok 3102: 0.029695 argmax 3102
 3102[nll] #288 tok 11: 1.373481 argmax 11
 11[nll] #289 tok 694: 0.907270 argmax 694
 694[nll] #290 tok 4528: 0.110368 argmax 4528
 4528[nll] #291 tok 1994: 0.658522 argmax 1994
 1994[nll] #292 tok 1189: 0.696919 argmax 1189
 1189[nll] #293 tok 3798: 0.454599 argmax 3798
 3798[nll] #294 tok 13: 0.046432 argmax 13
 13[nll] #295 tok 7054: 1.513267 argmax 7054
 7054[nll] #296 tok 3349: 1.218598 argmax 3349
 3349[nll] #297 tok 1698: 1.611677 argmax 1698
 1698[nll] #298 tok 324: 0.999867 argmax 324
 324[nll] #299 tok 57496: 1.686009 argmax 57496
 57496[nll] #300 tok 14273: 1.176033 argmax 14273
 14273[nll] #301 tok 321: 0.153396 argmax 321
 321[nll] #302 tok 4528: 0.114363 argmax 4528
 4528[nll] #303 tok 13: 0.484922 argmax 13
 13[nll] #304 tok 271: 0.997515 argmax 271
 271[nll] #305 tok 73174: 1.692183 argmax 73174
 73174[nll] #306 tok 25: 1.506982 argmax 25
 25[nll] #307 tok 33363: 1.351095 argmax 33363
 33363[nll] #308 tok 4528: 0.879314 argmax 4528
 4528[nll] #309 tok 3704: 1.924068 argmax 3704
 3704[nll] #310 tok 310: 0.133342 argmax 310
 310[nll] #311 tok 16484: 1.269802 argmax 16484
 16484[nll] #312 tok 13: 0.052931 argmax 13
 13[nll] #313 tok 8439: 0.788706 argmax 8439
 8439[nll] #314 tok 4528: 1.129829 argmax 4528
 4528[nll] #315 tok 1994: 0.608060 argmax 1994
 1994[nll] #316 tok 220: 0.061957 argmax 220
 220[nll] #317 tok 19: 0.000401 argmax 19
 19[nll] #318 tok 15: 0.000021 argmax 15
 15[nll] #319 tok 15: 0.000030 argmax 15
 15[nll] #320 tok 11: 0.832434 argmax 11
 11[nll] #321 tok 413: 1.478855 argmax 413
 413[nll] #322 tok 40803: 1.202520 argmax 40803
 40803[nll] #323 tok 310: 1.097885 argmax 310
 310[nll] #324 tok 5372: 0.442673 argmax 5372
 5372[nll] #325 tok 220: 0.073685 argmax 220
 220[nll] #326 tok 19: 0.000704 argmax 19
 19[nll] #327 tok 15: 0.000002 argmax 15
 15[nll] #328 tok 15: 0.000138 argmax 15
 15[nll] #329 tok 11: 1.287671 argmax 11
 11[nll] #330 tok 4087: 0.146138 argmax 4087
 4087[nll] #331 tok 220: 0.027163 argmax 220
 220[nll] #332 tok 19: 0.000212 argmax 19
 19[nll] #333 tok 15: 0.000007 argmax 15
 15[nll] #334 tok 15: 0.000018 argmax 15
 15[nll] #335 tok 13: 0.104083 argmax 13
 13[nll] #336 tok 14235: 0.083843 argmax 14235
 14235[nll] #337 tok 1716: 0.862898 argmax 1716
 1716[nll] #338 tok 413: 0.187713 argmax 413
 413[nll] #339 tok 1017: 1.437912 argmax 1017
 1017[nll] #340 tok 369: 0.684293 argmax 369
 369[nll] #341 tok 7308: 0.484524 argmax 7308
 7308[nll] #342 tok 14159: 1.009412 argmax 6093
 14159[nll] #343 tok 34860: 0.260070 argmax 34860
 34860[nll] #344 tok 16484: 0.802529 argmax 16484
 16484[nll] #345 tok 321: 1.104733 argmax 321
 321[nll] #346 tok 274: 1.600370 argmax 274
 274[nll] #347 tok 9628: 0.034199 argmax 9628
 9628[nll] #348 tok 17: 0.000009 argmax 17
 17[nll] #349 tok 75: 0.000073 argmax 75
 75[nll] #350 tok 13: 0.666027 argmax 13
 13[nll] #351 tok 1368: 0.779316 argmax 1368
 1368[nll] #352 tok 9542: 0.296965 argmax 9542
 9542[nll] #353 tok 7526: 0.783032 argmax 7526
 7526[nll] #354 tok 2702: 0.828168 argmax 2702
 2702[nll] #355 tok 4528: 0.010974 argmax 4528
 4528[nll] #356 tok 220: 0.483377 argmax 220
 220[nll] #357 tok 19: 0.000024 argmax 19
 19[nll] #358 tok 15: 0.000017 argmax 15
 15[nll] #359 tok 15: 0.000002 argmax 15
 15[nll] #360 tok 13: 0.192308 argmax 13
 13[nll] #361 tok 14235: 0.365187 argmax 14235
 14235[nll] #362 tok 1423: 0.950747 argmax 1423
 1423[nll] #363 tok 14159: 0.018107 argmax 14159
 14159[nll] #364 tok 13: 0.070266 argmax 13
 13[nll] #365 tok 6558: 0.958285 argmax 6558
 6558[nll] #366 tok 579: 0.000885 argmax 579
 579[nll] #367 tok 1436: 0.876372 argmax 1436
 1436[nll] #368 tok 13: 0.778434 argmax 13
 13[nll] #369 tok 271: 0.436177 argmax 271
 271[nll] #370 tok 22916: 0.698957 argmax 22916
 22916[nll] #371 tok 274: 1.309358 argmax 274
 274[nll] #372 tok 57838: 0.193303 argmax 57838
 57838[nll] #373 tok 73314: 0.000202 argmax 73314
 73314[nll] #374 tok 2564: 0.438494 argmax 2564
 2564[nll] #375 tok 21: 0.054883 argmax 21
 21[nll] #376 tok 15: 0.000018 argmax 15
 15[nll] #377 tok 11: 0.277019 argmax 11
 11[nll] #378 tok 220: 0.644263 argmax 220
 220[nll] #379 tok 17: 0.001300 argmax 17
 17[nll] #380 tok 82: 0.000303 argmax 82
 82[nll] #381 tok 10: 0.000726 argmax 10
 10[nll] #382 tok 20: 0.001166 argmax 20
 20[nll] #383 tok 76: 0.000071 argmax 76
 76[nll] #384 tok 10: 0.000050 argmax 10
 10[nll] #385 tok 16: 0.000065 argmax 16
 16[nll] #386 tok 16: 0.000010 argmax 16
 16[nll] #387 tok 75: 0.000027 argmax 75
 75[nll] #388 tok 28: 0.431918 argmax 28
 28[nll] #389 tok 19: 0.001510 argmax 19
 19[nll] #390 tok 15: 0.000001 argmax 15
 15[nll] #391 tok 15: 0.000011 argmax 15
 15[nll] #392 tok 11: 1.074841 argmax 11
 11[nll] #393 tok 274: 0.000574 argmax 274
 274[nll] #394 tok 9628: 0.002670 argmax 9628
 9628[nll] #395 tok 17: 0.000020 argmax 17
 17[nll] #396 tok 75: 0.000159 argmax 75
 75[nll] #397 tok 13: 0.129634 argmax 13
 13[nll] #398 tok 2091: 1.224311 argmax 2091
 2091[nll] #399 tok 1017: 0.651459 argmax 1017
 1017[nll] #400 tok 6093: 0.330466 argmax 6093
 6093[nll] #401 tok 30: 0.003893 argmax 30
 30[nll] #402 tok 6558: 1.067059 argmax 6558
 6558[nll] #403 tok 579: 0.084463 argmax 579
 579[nll] #404 tok 2624: 1.099132 argmax 2624
 2624[nll] #405 tok 32122: 0.111905 argmax 32122
 32122[nll] #406 tok 13: 0.022507 argmax 13
 13[nll] #407 tok 271: 1.062011 argmax 271
 271[nll] #408 tok 3702: 1.741338 argmax 3702
 3702[nll] #409 tok 4528: 0.324538 argmax 4528
 4528[nll] #410 tok 220: 0.960305 argmax 220
 220[nll] #411 tok 19: 0.000778 argmax 19
 19[nll] #412 tok 15: 0.000004 argmax 15
 15[nll] #413 tok 15: 0.000003 argmax 15
 15[nll] #414 tok 321: 0.736318 argmax 321
 321[nll] #415 tok 14273: 0.590715 argmax 14273
 14273[nll] #416 tok 2564: 0.147573 argmax 2564
 2564[nll] #417 tok 21: 0.000060 argmax 21
 21[nll] #418 tok 15: 0.000007 argmax 15
 15[nll] #419 tok 13: 0.377500 argmax 13
 13[nll] #420 tok 22830: 0.200204 argmax 22830
 22830[nll] #421 tok 4528: 0.018540 argmax 4528
 4528[nll] #422 tok 2518: 0.986998 argmax 2518
 2518[nll] #423 tok 220: 0.227871 argmax 220
 220[nll] #424 tok 19: 0.172028 argmax 19
 19[nll] #425 tok 15: 0.000005 argmax 15
 15[nll] #426 tok 15: 0.000031 argmax 15
 15[nll] #427 tok 14: 0.001298 argmax 14
 14[nll] #428 tok 21: 0.018006 argmax 21
 21[nll] #429 tok 15: 0.000015 argmax 15
 15[nll] #430 tok 283: 0.698154 argmax 283
 283[nll] #431 tok 220: 0.028726 argmax 220
 220[nll] #432 tok 21: 0.000517 argmax 21
 21[nll] #433 tok 13: 0.000016 argmax 13
 13[nll] #434 tok 21: 0.000009 argmax 21
 21[nll] #435 tok 21: 0.001621 argmax 21
 21[nll] #436 tok 21: 0.665586 argmax 21
 21[nll] #437 tok 13: 0.990163 argmax 13
 13[nll] #438 tok 14235: 0.400974 argmax 14235
 14235[nll] #439 tok 1599: 1.120939 argmax 1599
 1599[nll] #440 tok 3349: 0.762869 argmax 3349
 3349[nll] #441 tok 14: 0.147029 argmax 14
 14[nll] #442 tok 25252: 0.003075 argmax 25252
 25252[nll] #443 tok 13: 0.042363 argmax 13
 13[nll] #444 tok 42794: 0.521889 argmax 42794
 42794[nll] #445 tok 274: 0.269781 argmax 274
 274[nll] #446 tok 9628: 0.114055 argmax 9628
 9628[nll] #447 tok 17: 0.000059 argmax 17
 17[nll] #448 tok 75: 0.000432 argmax 75
 75[nll] #449 tok 3254: 1.644995 argmax 3254
 3254[nll] #450 tok 2526: 1.363868 argmax 2526
 2526[nll] #451 tok 506: 0.683107 argmax 506
 506[nll] #452 tok 3140: 0.003155 argmax 3140
 3140[nll] #453 tok 220: 0.449796 argmax 220
 220[nll] #454 tok 17: 0.008517 argmax 17
 17[nll] #455 tok 75: 0.606216 argmax 75
 75[nll] #456 tok 13: 0.639198 argmax 13
 13[nll] #457 tok 1368: 2.007660 argmax 1368
 1368[nll] #458 tok 324: 0.417179 argmax 324
 324[nll] #459 tok 3349: 0.241133 argmax 3349
 3349[nll] #460 tok 11: 0.070193 argmax 11
 11[nll] #461 tok 1599: 1.223127 argmax 1599
 1599[nll] #462 tok 2526: 0.120572 argmax 2526
 2526[nll] #463 tok 3238: 1.184251 argmax 3238
 3238[nll] #464 tok 4528: 0.046119 argmax 4528
 4528[nll] #465 tok 13: 0.928554 argmax 13
 13[nll] #466 tok 271: 1.251547 argmax 271
 271[nll] #467 tok 9764: 0.901021 argmax 9764
 9764[nll] #468 tok 579: 0.911509 argmax 579
 579[nll] #469 tok 85802: 1.293606 argmax 85802
 85802[nll] #470 tok 13: 0.993021 argmax 13
 13[nll] #471 tok 6558: 0.552948 argmax 6558
 6558[nll] #472 tok 274: 0.305929 argmax 274
 274[nll] #473 tok 28: 0.253278 argmax 28
 28[nll] #474 tok 17: 0.000175 argmax 17
 17[nll] #475 tok 75: 0.000033 argmax 75
 75[nll] #476 tok 478: 0.594716 argmax 478
 478[nll] #477 tok 830: 0.492411 argmax 830
 830[nll] #478 tok 11: 0.271518 argmax 11
 11[nll] #479 tok 830: 0.001475 argmax 830
 830[nll] #480 tok 9628: 0.010550 argmax 9628
 9628[nll] #481 tok 15: 0.000060 argmax 15
 15[nll] #482 tok 13: 0.143607 argmax 13
 13[nll] #483 tok 4844: 0.416793 argmax 4844
 4844[nll] #484 tok 2702: 0.762521 argmax 2702
 2702[nll] #485 tok 14273: 0.123795 argmax 14273
 14273[nll] #486 tok 283: 0.799081 argmax 283
 283[nll] #487 tok 220: 0.490234 argmax 220
 220[nll] #488 tok 18: 0.014116 argmax 18
 18[nll] #489 tok 75: 0.000081 argmax 75
 75[nll] #490 tok 478: 0.029563 argmax 478
 478[nll] #491 tok 830: 0.075123 argmax 830
 830[nll] #492 tok 478: 0.000101 argmax 478
 478[nll] #493 tok 295: 0.000035 argmax 295
 295[nll] #494 tok 2564: 0.002502 argmax 2564
 2564[nll] #495 tok 21: 0.090065 argmax 21
 21[nll] #496 tok 15: 0.000006 argmax 15
 15[nll] #497 tok 13: 0.110707 argmax 13
 13[nll] #498 tok 16030: 0.019765 argmax 16030
 16030[nll] #499 tok 283: 0.049119 argmax 283
 283[nll] #500 tok 220: 0.012945 argmax 220
 220[nll] #501 tok 19: 0.704782 argmax 19
 19[nll] #502 tok 75: 0.000605 argmax 75
 75[nll] #503 tok 478: 0.342244 argmax 478
 478[nll] #504 tok 220: 0.558344 argmax 220
 220[nll] #505 tok 17: 0.022339 argmax 17
 17[nll] #506 tok 87: 0.000219 argmax 87
 87[nll] #507 tok 478: 0.003457 argmax 478
 478[nll] #508 tok 20: 0.344477 argmax 20
 20[nll] #509 tok 76: 0.002415 argmax 76
 76[nll] #510 tok 478: 0.410313 argmax 478
 478[nll] #511 tok 16: 0.004127 argmax 16
 16[nll] #512 tok 16: 0.000141 argmax 16
 16[nll] #513 tok 75: 0.000463 argmax 75
 75[nll] #514 tok 283: 0.197028 argmax 283
 283[nll] #515 tok 16: 0.415773 argmax 16
 16[nll] #516 tok 20: 0.000537 argmax 20
 20[nll] #517 tok 75: 0.000174 argmax 75
 75[nll] #518 tok 478: 0.241581 argmax 478
 478[nll] #519 tok 17: 0.205600 argmax 17
 17[nll] #520 tok 87: 0.000262 argmax 87
 87[nll] #521 tok 10: 0.230310 argmax 10
 10[nll] #522 tok 20: 0.000021 argmax 20
 20[nll] #523 tok 76: 0.000015 argmax 76
 76[nll] #524 tok 2564: 0.364268 argmax 2564
 2564[nll] #525 tok 19: 0.000925 argmax 19
 19[nll] #526 tok 15: 0.000004 argmax 15
 15[nll] #527 tok 15: 0.000014 argmax 15
 15[nll] #528 tok 13: 0.112482 argmax 13
 13[nll] #529 tok 7252: 0.474312 argmax 7252
 7252[nll] #530 tok 11514: 0.636644 argmax 11514
 11514[nll] #531 tok 13: 0.984706 argmax 13
 13[nll] #532 tok 271: 1.465233 argmax 1690
 271[nll] #533 tok 2381: 1.319611 argmax 2592
 2381[nll] #534 tok 2574: 1.427338 argmax 2574
 2574[nll] #535 tok 324: 0.039727 argmax 324
 324[nll] #536 tok 11: 0.261520 argmax 11
 11[nll] #537 tok 310: 1.025129 argmax 310
 310[nll] #538 tok 33363: 0.581779 argmax 33363
 33363[nll] #539 tok 4528: 0.023050 argmax 4528
 4528[nll] #540 tok 440: 0.938508 argmax 440
 440[nll] #541 tok 3618: 0.483320 argmax 3618
 3618[nll] #542 tok 1994: 0.663420 argmax 1994
 1994[nll] #543 tok 11: 1.142923 argmax 11
 11[nll] #544 tok 4992: 1.189102 argmax 4992
 4992[nll] #545 tok 295: 0.698422 argmax 295
 295[nll] #546 tok 430: 0.691801 argmax 430
 430[nll] #547 tok 3349: 0.740856 argmax 3349
 3349[nll] #548 tok 430: 0.060857 argmax 430
 430[nll] #549 tok 3102: 0.008145 argmax 3102
 3102[nll] #550 tok 30: 0.865444 argmax 30
 30[nll] #551 tok 16030: 0.894230 argmax 16030
 16030[nll] #552 tok 791: 0.652916 argmax 791
 791[nll] #553 tok 3618: 0.213382 argmax 3618
 3618[nll] #554 tok 10728: 1.389694 argmax 10728
 10728[nll] #555 tok 220: 0.214370 argmax 220
 220[nll] #556 tok 20: 0.001590 argmax 20
 20[nll] #557 tok 11: 0.494720 argmax 11
 11[nll] #558 tok 2526: 0.275968 argmax 2526
 2526[nll] #559 tok 220: 0.698714 argmax 220
 220[nll] #560 tok 17: 0.001085 argmax 17
 17[nll] #561 tok 13: 0.619066 argmax 13
 13[nll] #562 tok 1921: 0.853499 argmax 1921
 1921[nll] #563 tok 3349: 1.050628 argmax 3349
 3349[nll] #564 tok 7139: 1.662798 argmax 7139
 7139[nll] #565 tok 30: 1.467563 argmax 30
 30[nll] #566 tok 32645: 2.111662 argmax 32645
 32645[nll] #567 tok 324: 1.467231 argmax 324
 324[nll] #568 tok 41553: 1.026354 argmax 41553
 41553[nll] #569 tok 220: 0.312996 argmax 220
 220[nll] #570 tok 16: 0.690598 argmax 16
 16[nll] #571 tok 20: 0.188938 argmax 20
 20[nll] #572 tok 4528: 0.269644 argmax 4528
 4528[nll] #573 tok 791: 1.205160 argmax 791
 791[nll] #574 tok 324: 0.621102 argmax 324
 324[nll] #575 tok 303: 1.842230 argmax 303
 303[nll] #576 tok 22773: 0.441900 argmax 22773
 22773[nll] #577 tok 318: 1.460303 argmax 318
 318[nll] #578 tok 26756: 1.311924 argmax 26756
 26756[nll] #579 tok 7225: 1.035739 argmax 7225
 7225[nll] #580 tok 220: 0.065511 argmax 220
 220[nll] #581 tok 17: 0.028820 argmax 17
 17[nll] #582 tok 2526: 0.070692 argmax 2526
 2526[nll] #583 tok 553: 1.548514 argmax 553
 553[nll] #584 tok 16030: 1.859388 argmax 16030
 16030[nll] #585 tok 791: 0.022096 argmax 791
 791[nll] #586 tok 328: 1.507843 argmax 328
 328[nll] #587 tok 16275: 0.899759 argmax 16275
 16275[nll] #588 tok 6129: 1.249042 argmax 6129
 6129[nll] #589 tok 1: 0.274973 argmax 1
 1[nll] #590 tok 318: 0.846517 argmax 318
 318[nll] #591 tok 16: 0.720619 argmax 16
 16[nll] #592 tok 3349: 0.014667 argmax 3349
 3349[nll] #593 tok 478: 0.514720 argmax 478
 478[nll] #594 tok 220: 0.528269 argmax 220
 220[nll] #595 tok 17: 0.000201 argmax 17
 17[nll] #596 tok 2526: 0.076140 argmax 2526
 2526[nll] #597 tok 8: 0.037490 argmax 8
 8[nll] #598 tok 283: 0.270475 argmax 283
 283[nll] #599 tok 16: 0.537440 argmax 16
 16[nll] #600 tok 20: 0.022855 argmax 20
 20

decode: 600 tokens in 34.45 s  (17.42 tok/s), n_past=734
cached graph replays: 28752; per replay alloc 0 us, launch 9 us, wait 532 us
step profile: eval 33.56 s = pre 0.77 + graphA 15.85 + CPU MoE 5.90 + io 8.42 + head 0.80 + rest 1.82 | draft head 0.00 s
replay NLL: 0.4447 per token (ppl 1.56) over 600 tokens
expert cache: 98.1% hit, 91.4% from VRAM, 55.91 GB from disk
              tiers: 25470 promotions, 18462 RAM evictions, 0 cold-file reads, 0 upgrades
              RAM tier at end: 11258 slots = 11200 hot + 0 cold (0 of them hot-worthy) + 58 empty; 1609 prefetched unused, 0 in flight; 0 experts marked hot-worthy
decode split: graphA(GPU) 15.85 s | MoE gpu 0.23 s (273808 experts, sync-wait 0.00 s) | MoE cpu 5.90 s (24781 experts) | io 14.75 s
              per expert: gpu 1 us, cpu 238 us  (285.5x)
              graphA per decode layer: recurrent 526 us (x21600), attention 592 us (x7200) [attention: build+alloc 0 us, gpu 0 us; per-token inputs 29 us]
prefetch: 78.2% of the next layer's experts predicted correctly | 14809 issued, 10949 used (73.9%), 2251 wasted
prediction by rank, precision %: r1 98 r2 96 r3 94 r4 90 r5 86 r6 80 r7 74 r8 65 r9 55 r10 44 r11 33 r12 25 r13 19 r14 15 r15 12 r16 10
prediction by margin [edge+) P(correct)% / share%: [0) 34/17.1 [0.05) 34/15.9 [0.1) 40/21.9 [0.2) 54/12.3 [0.3) 77/13.0 [0.5) 94/8.9 [0.75) 98/5.4 [1) 99/4.5 [1.5) 99/0.9 [2) 97/0.2 [3) 25/0.0 [5) 0/0.0
prediction by layer, worst 10: L1 41 L47 47 L31 53 L15 55 L3 59 L37 68 L6 71 L45 73 L2 74 L46 75  | best: L40 91
io breakdown: submit 0.08 s, promote 0.10 s, wait 8.23 s | 3955 bursts, 47793 reads, 12.1 reads/burst, 1142 KiB/read
             wait-only bandwidth: 6.79 GB/s   (device peak measured 7.0 GB/s)
             io_engine: backend=threads, O_DIRECT=1, 47793 reads, 28.44 GB actually read, prep 0.04 s, io_uring_submit 0.00 s
engine time: prefill 7.06 s / 134 tok, decode 33.56 s / 600 tok, expert io 14.75 s
wall 52.49 s maxrss 22049528 KB
