[qwfn] direct I/O: 512-byte slots, page-aligned reads through a bounce buffer (slice strides are not page multiples)
ggml_cuda_init: found 1 CUDA devices (Total VRAM: 15847 MiB):
  Device 0: NVIDIA GeForce RTX 5060 Ti, compute capability 12.0, VMM: yes, VRAM: 15847 MiB
[qwfn] CPU threadpool: 5 threads, poll 50, cpus 0-7
 (pinned)
[qwfn] prefetch: speculative block on (0 of 47 predicted layers), margin gate off
[qwfn] decode QSA state: 57.5 MB (pooled block keys for 18432 blocks, 513 kept)
[qwfn] prefill VRAM (dynamic, lent by the expert tier): 5.31 GB; decode reserve 1153 MB
[qwfn] expert RAM tier: 18.94 GB arena (pinned), 11258 of 24576 expert blocks (45.8%)
[qwfn] prefill streamer: host 2 x 1.19 GB (pinned), device 1.19 GB (device, allocated per prefill), 16 MB chunks, read-ahead on
[nll] #1 tok 1596: 0.000039 argmax 1596
dense core 3.84271 GB on CUDA0 | state @ 73728 ctx: KV 0.962593 GB (q8_0), indexer 0.226492 GB, deltanet 113.246 MB (constant), conv 4.79232 MB  =>  total 1.30712 GB on the device | expert cache 11258 RAM blocks, 0 VRAM blocks

prefill: 134 tokens in 17.34 s  (7.7 tok/s)
replaying: 1596[nll] #2 tok 1144: 0.000058 argmax 1144
 1144[nll] #3 tok 4087: 0.704779 argmax 11290
 4087[nll] #4 tok 6673: 0.272985 argmax 6673
 6673[nll] #5 tok 24460: 0.052681 argmax 24460
 24460[nll] #6 tok 13: 0.047458 argmax 13
 13[nll] #7 tok 14235: 0.315753 argmax 14235
 14235[nll] #8 tok 11290: 0.513277 argmax 11290
 11290[nll] #9 tok 15060: 0.174333 argmax 15060
 15060[nll] #10 tok 13: 0.037034 argmax 13
 13[nll] #11 tok 21397: 0.414065 argmax 21397
 21397[nll] #12 tok 25: 0.000956 argmax 25
 25[nll] #13 tok 14273: 0.656778 argmax 14273
 14273[nll] #14 tok 13914: 0.474051 argmax 13914
 13914[nll] #15 tok 220: 0.500243 argmax 220
 220[nll] #16 tok 17: 0.000189 argmax 17
 17[nll] #17 tok 11: 0.032563 argmax 11
 11[nll] #18 tok 20: 0.002814 argmax 20
 20[nll] #19 tok 11: 0.000020 argmax 11
 11[nll] #20 tok 16: 0.000020 argmax 16
 16[nll] #21 tok 16: 0.000033 argmax 16
 16[nll] #22 tok 20332: 0.195322 argmax 20332
 20332[nll] #23 tok 13: 0.069139 argmax 13
 13[nll] #24 tok 32569: 0.167893 argmax 32569
 32569[nll] #25 tok 1866: 1.119057 argmax 1866
 1866[nll] #26 tok 220: 0.417236 argmax 220
 220[nll] #27 tok 19: 0.001307 argmax 19
 19[nll] #28 tok 15: 0.000054 argmax 15
 15[nll] #29 tok 15: 0.000013 argmax 15
 15[nll] #30 tok 20332: 0.025701 argmax 20332
 20332[nll] #31 tok 321: 0.307738 argmax 321
 321[nll] #32 tok 1866: 0.270560 argmax 1866
 1866[nll] #33 tok 220: 0.000438 argmax 220
 220[nll] #34 tok 21: 0.000014 argmax 21
 21[nll] #35 tok 15: 0.000004 argmax 15
 15[nll] #36 tok 14273: 0.000019 argmax 14273
 14273[nll] #37 tok 13: 0.000768 argmax 13
 13[nll] #38 tok 1369: 1.028358 argmax 1369
 1369[nll] #39 tok 5234: 0.000042 argmax 5234
 5234[nll] #40 tok 1902: 0.307583 argmax 1902
 1902[nll] #41 tok 6435: 0.002428 argmax 6435
 6435[nll] #42 tok 506: 0.000429 argmax 506
 506[nll] #43 tok 3140: 0.000101 argmax 3140
 3140[nll] #44 tok 10598: 0.000052 argmax 10598
 10598[nll] #45 tok 430: 0.000169 argmax 430
 430[nll] #46 tok 1599: 0.000120 argmax 1599
 1599[nll] #47 tok 2526: 0.000050 argmax 2526
 2526[nll] #48 tok 14273: 0.303282 argmax 14273
 14273[nll] #49 tok 430: 0.000079 argmax 430
 430[nll] #50 tok 3349: 0.000025 argmax 3349
 3349[nll] #51 tok 5981: 0.012521 argmax 5981
 5981[nll] #52 tok 13: 0.205549 argmax 13
 13[nll] #53 tok 14235: 0.809308 argmax 14235
 14235[nll] #54 tok 7526: 0.016717 argmax 7526
 7526[nll] #55 tok 2702: 0.000402 argmax 2702
 2702[nll] #56 tok 4528: 0.000106 argmax 4528
 4528[nll] #57 tok 3074: 0.519511 argmax 3074
 3074[nll] #58 tok 10538: 0.000329 argmax 10538
 10538[nll] #59 tok 628: 0.020314 argmax 628
 628[nll] #60 tok 6564: 0.001015 argmax 6564
 6564[nll] #61 tok 11: 0.716047 argmax 11
 11[nll] #62 tok 1420: 0.780758 argmax 1420
 1420[nll] #63 tok 31626: 0.000827 argmax 31626
 31626[nll] #64 tok 321: 0.659931 argmax 321
 321[nll] #65 tok 14159: 0.017461 argmax 14159
 14159[nll] #66 tok 13: 0.163692 argmax 13
 13[nll] #67 tok 271: 0.344778 argmax 271
 271[nll] #68 tok 9764: 0.931018 argmax 9764
 9764[nll] #69 tok 274: 0.750466 argmax 274
 274[nll] #70 tok 12709: 0.170592 argmax 12709
 12709[nll] #71 tok 21518: 0.002075 argmax 21518
 21518[nll] #72 tok 2397: 0.478060 argmax 2397
 2397[nll] #73 tok 40823: 0.000394 argmax 40823
 40823[nll] #74 tok 24959: 0.003969 argmax 24959
 24959[nll] #75 tok 30: 0.571044 argmax 30
 30[nll] #76 tok 4222: 1.320333 argmax 4222
 4222[nll] #77 tok 14159: 0.728862 argmax 14159
 14159[nll] #78 tok 13: 0.613164 argmax 13
 13[nll] #79 tok 84457: 0.519409 argmax 84457
 84457[nll] #80 tok 25: 0.020444 argmax 25
 25[nll] #81 tok 198: 0.710288 argmax 198
 198[nll] #82 tok 82: 0.516404 argmax 82
 82[nll] #83 tok 478: 0.386904 argmax 478
 478[nll] #84 tok 295: 0.005554 argmax 295
 295[nll] #85 tok 478: 0.000063 argmax 478
 478[nll] #86 tok 324: 0.000060 argmax 324
 324[nll] #87 tok 2564: 0.010334 argmax 2564
 2564[nll] #88 tok 220: 0.034042 argmax 220
 220[nll] #89 tok 21: 0.000080 argmax 21
 21[nll] #90 tok 15: 0.000020 argmax 15
 15[nll] #91 tok 198: 0.374394 argmax 198
 198[nll] #92 tok 17: 0.009604 argmax 17
 17[nll] #93 tok 82: 0.000486 argmax 82
 82[nll] #94 tok 478: 0.039452 argmax 478
 478[nll] #95 tok 220: 0.383295 argmax 220
 220[nll] #96 tok 20: 0.000181 argmax 20
 20[nll] #97 tok 76: 0.000035 argmax 76
 76[nll] #98 tok 478: 0.000019 argmax 478
 478[nll] #99 tok 220: 0.018901 argmax 220
 220[nll] #100 tok 16: 0.000055 argmax 16
 16[nll] #101 tok 16: 0.000033 argmax 16
 16[nll] #102 tok 75: 0.000082 argmax 75
 75[nll] #103 tok 2564: 0.000151 argmax 2564
 2564[nll] #104 tok 220: 0.026833 argmax 220
 220[nll] #105 tok 19: 0.000022 argmax 19
 19[nll] #106 tok 15: 0.000006 argmax 15
 15[nll] #107 tok 15: 0.000004 argmax 15
 15[nll] #108 tok 198: 0.005221 argmax 198
 198[nll] #109 tok 82: 0.005707 argmax 82
 82[nll] #110 tok 2518: 0.000540 argmax 2518
 2518[nll] #111 tok 220: 0.000073 argmax 220
 220[nll] #112 tok 17: 0.000029 argmax 17
 17[nll] #113 tok 75: 0.017255 argmax 75
 75[nll] #114 tok 198: 0.668199 argmax 198
 198[nll] #115 tok 5786: 0.265675 argmax 5786
 5786[nll] #116 tok 11514: 0.084781 argmax 11514
 11514[nll] #117 tok 457: 0.043560 argmax 457
 457[nll] #118 tok 28: 0.608374 argmax 28
 28[nll] #119 tok 17: 0.000222 argmax 17
 17[nll] #120 tok 82: 0.000019 argmax 82
 82[nll] #121 tok 10: 0.000308 argmax 10
 10[nll] #122 tok 20: 0.000215 argmax 20
 20[nll] #123 tok 76: 0.000035 argmax 76
 76[nll] #124 tok 10: 0.000115 argmax 10
 10[nll] #125 tok 16: 0.000418 argmax 16
 16[nll] #126 tok 16: 0.000242 argmax 16
 16[nll] #127 tok 75: 0.000228 argmax 75
 75[nll] #128 tok 13: 0.183963 argmax 13
 13[nll] #129 tok 271: 0.270137 argmax 271
 271[nll] #130 tok 22916: 0.814107 argmax 22916
 22916[nll] #131 tok 7308: 1.199256 argmax 7308
 7308[nll] #132 tok 6093: 1.461161 argmax 6093
 6093[nll] #133 tok 13: 0.046333 argmax 13
 13[nll] #134 tok 8439: 1.141486 argmax 8439
 8439[nll] #135 tok 13914: 1.122181 argmax 13914
 13914[nll] #136 tok 6572: 0.372469 argmax 6572
 6572[nll] #137 tok 11: 0.243232 argmax 11
 11[nll] #138 tok 4222: 0.925573 argmax 4222
 4222[nll] #139 tok 958: 0.962033 argmax 958
 958[nll] #140 tok 1866: 1.451841 argmax 1866
 1866[nll] #141 tok 4528: 1.005718 argmax 4528
 4528[nll] #142 tok 20908: 1.243612 argmax 20908
 20908[nll] #143 tok 6970: 1.167172 argmax 6970
 6970[nll] #144 tok 220: 0.992337 argmax 220
 220[nll] #145 tok 19: 0.010763 argmax 19
 19[nll] #146 tok 15: 0.000042 argmax 15
 15[nll] #147 tok 15: 0.000147 argmax 15
 15[nll] #148 tok 6681: 1.459733 argmax 6681
 6681[nll] #149 tok 30: 0.638918 argmax 30
 30[nll] #150 tok 1921: 0.765668 argmax 1921
 1921[nll] #151 tok 3618: 0.654216 argmax 3618
 3618[nll] #152 tok 1698: 0.337881 argmax 1698
 1698[nll] #153 tok 20908: 1.062100 argmax 20908
 20908[nll] #154 tok 1189: 0.818078 argmax 1189
 1189[nll] #155 tok 10403: 1.408479 argmax 3798
 10403[nll] #156 tok 13: 0.340359 argmax 13
 13[nll] #157 tok 14235: 0.153912 argmax 14235
 14235[nll] #158 tok 33363: 0.466854 argmax 33363
 33363[nll] #159 tok 4528: 0.478915 argmax 4528
 4528[nll] #160 tok 1172: 1.218486 argmax 1172
 1172[nll] #161 tok 2107: 0.899480 argmax 2107
 2107[nll] #162 tok 13: 0.098205 argmax 13
 13[nll] #163 tok 8439: 1.744069 argmax 8439
 8439[nll] #164 tok 3349: 0.854326 argmax 3349
 3349[nll] #165 tok 14273: 0.920955 argmax 14273
 14273[nll] #166 tok 8545: 1.286506 argmax 8545
 8545[nll] #167 tok 694: 0.733434 argmax 694
 694[nll] #168 tok 1325: 0.900295 argmax 1325
 1325[nll] #169 tok 2526: 0.261577 argmax 2526
 2526[nll] #170 tok 14273: 0.490634 argmax 14273
 14273[nll] #171 tok 13: 0.961139 argmax 13
 13[nll] #172 tok 14235: 1.146864 argmax 14235
 14235[nll] #173 tok 28476: 1.501955 argmax 28476
 28476[nll] #174 tok 13: 0.307456 argmax 13
 13[nll] #175 tok 271: 0.266836 argmax 271
 271[nll] #176 tok 9764: 0.914813 argmax 9764
 9764[nll] #177 tok 579: 0.303244 argmax 579
 579[nll] #178 tok 22903: 1.147615 argmax 22903
 22903[nll] #179 tok 13: 0.219389 argmax 13
 13[nll] #180 tok 20762: 1.121230 argmax 20762
 20762[nll] #181 tok 7308: 0.856306 argmax 7308
 7308[nll] #182 tok 2397: 0.680076 argmax 2397
 2397[nll] #183 tok 40823: 0.125304 argmax 40823
 40823[nll] #184 tok 13: 0.001432 argmax 13
 13[nll] #185 tok 271: 0.984879 argmax 271
 271[nll] #186 tok 1596: 0.999145 argmax 1596
 1596[nll] #187 tok 628: 0.474042 argmax 628
 628[nll] #188 tok 1683: 1.607539 argmax 1683
 1683[nll] #189 tok 364: 1.643252 argmax 364
 364[nll] #190 tok 8097: 0.475092 argmax 8097
 8097[nll] #191 tok 324: 0.042909 argmax 324
 324[nll] #192 tok 11: 0.416825 argmax 11
 11[nll] #193 tok 33363: 1.044894 argmax 33363
 33363[nll] #194 tok 4528: 0.280214 argmax 4528
 4528[nll] #195 tok 440: 0.597498 argmax 440
 440[nll] #196 tok 274: 0.625104 argmax 274
 274[nll] #197 tok 9628: 0.165297 argmax 9628
 9628[nll] #198 tok 17: 0.002602 argmax 17
 17[nll] #199 tok 75: 0.000079 argmax 75
 75[nll] #200 tok 11: 0.527470 argmax 11
 11[nll] #201 tok 2702: 0.859603 argmax 2702
 2702[nll] #202 tok 14273: 0.337542 argmax 14273
 14273[nll] #203 tok 2564: 0.213768 argmax 2564
 2564[nll] #204 tok 21: 0.001547 argmax 21
 21[nll] #205 tok 15: 0.000004 argmax 15
 15[nll] #206 tok 11: 0.086912 argmax 11
 11[nll] #207 tok 4528: 0.042408 argmax 4528
 4528[nll] #208 tok 2564: 0.232798 argmax 2564
 2564[nll] #209 tok 19: 0.000090 argmax 19
 19[nll] #210 tok 15: 0.000006 argmax 15
 15[nll] #211 tok 15: 0.000026 argmax 15
 15[nll] #212 tok 13: 0.005364 argmax 13
 13[nll] #213 tok 8439: 0.930196 argmax 8439
 8439[nll] #214 tok 10728: 1.066741 argmax 10728
 10728[nll] #215 tok 4528: 0.690628 argmax 4528
 4528[nll] #216 tok 220: 0.505354 argmax 220
 220[nll] #217 tok 20: 0.000969 argmax 20
 20[nll] #218 tok 11: 0.832756 argmax 11
 11[nll] #219 tok 2526: 0.230913 argmax 2526
 2526[nll] #220 tok 220: 0.052742 argmax 220
 220[nll] #221 tok 17: 0.000303 argmax 17
 17[nll] #222 tok 11: 0.322442 argmax 11
 11[nll] #223 tok 3349: 0.009245 argmax 3349
 3349[nll] #224 tok 220: 0.005229 argmax 220
 220[nll] #225 tok 16: 0.000049 argmax 16
 16[nll] #226 tok 16: 0.000107 argmax 16
 16[nll] #227 tok 13: 0.058117 argmax 13
 13[nll] #228 tok 1946: 1.718430 argmax 1946
 1946[nll] #229 tok 33363: 0.018067 argmax 33363
 33363[nll] #230 tok 4528: 0.043503 argmax 4528
 4528[nll] #231 tok 11: 0.974510 argmax 11
 11[nll] #232 tok 10386: 1.030829 argmax 10386
 10386[nll] #233 tok 3349: 0.480800 argmax 3349
 3349[nll] #234 tok 321: 1.524960 argmax 321
 321[nll] #235 tok 10728: 0.013055 argmax 10728
 10728[nll] #236 tok 888: 0.562993 argmax 888
 888[nll] #237 tok 2526: 0.000206 argmax 2526
 2526[nll] #238 tok 11: 0.848934 argmax 11
 11[nll] #239 tok 694: 0.004896 argmax 694
 694[nll] #240 tok 2526: 0.861003 argmax 2526
 2526[nll] #241 tok 2483: 0.574643 argmax 2483
 2483[nll] #242 tok 13: 0.547203 argmax 13
 13[nll] #243 tok 1690: 0.991765 argmax 1690
 1690[nll] #244 tok 8097: 0.413815 argmax 8097
 8097[nll] #245 tok 324: 0.016208 argmax 324
 324[nll] #246 tok 11: 0.195810 argmax 11
 11[nll] #247 tok 7776: 0.790765 argmax 7776
 7776[nll] #248 tok 2526: 0.280306 argmax 2526
 2526[nll] #249 tok 220: 0.906519 argmax 220
 220[nll] #250 tok 17: 0.000092 argmax 17
 17[nll] #251 tok 75: 0.000309 argmax 75
 75[nll] #252 tok 13: 0.353454 argmax 13
 13[nll] #253 tok 4844: 0.795091 argmax 4844
 4844[nll] #254 tok 9376: 0.208635 argmax 9376
 9376[nll] #255 tok 14273: 0.363577 argmax 14273
 14273[nll] #256 tok 628: 1.603454 argmax 628
 628[nll] #257 tok 381: 0.005280 argmax 381
 381[nll] #258 tok 10728: 0.111877 argmax 10728
 10728[nll] #259 tok 318: 1.379560 argmax 466
 318[nll] #260 tok 20: 1.277958 argmax 20
 20[nll] #261 tok 8: 0.394344 argmax 8
 8[nll] #262 tok 466: 0.815749 argmax 466
 466[nll] #263 tok 2526: 1.122561 argmax 2526
 2526[nll] #264 tok 318: 0.443473 argmax 318
 318[nll] #265 tok 17: 0.038097 argmax 17
 17[nll] #266 tok 553: 0.804941 argmax 553
 553[nll] #267 tok 16030: 1.043783 argmax 16030
 16030[nll] #268 tok 791: 1.470300 argmax 791
 791[nll] #269 tok 3618: 0.025271 argmax 3618
 3618[nll] #270 tok 10728: 0.824549 argmax 10728
 10728[nll] #271 tok 835: 0.711860 argmax 835
 835[nll] #272 tok 2526: 0.026630 argmax 2526
 2526[nll] #273 tok 11: 0.356101 argmax 11
 11[nll] #274 tok 748: 0.186287 argmax 748
 748[nll] #275 tok 364: 1.235979 argmax 364
 364[nll] #276 tok 8097: 0.488386 argmax 8097
 8097[nll] #277 tok 324: 0.555948 argmax 324
 324[nll] #278 tok 321: 0.221004 argmax 321
 321[nll] #279 tok 3618: 0.878304 argmax 3618
 3618[nll] #280 tok 1698: 0.578332 argmax 1698
 1698[nll] #281 tok 11: 0.423521 argmax 11
 11[nll] #282 tok 958: 0.798765 argmax 958
 958[nll] #283 tok 430: 0.519705 argmax 430
 430[nll] #284 tok 1599: 0.005951 argmax 1599
 1599[nll] #285 tok 10728: 0.153402 argmax 10728
 10728[nll] #286 tok 430: 0.005167 argmax 430
 430[nll] #287 tok 3102: 0.029340 argmax 3102
 3102[nll] #288 tok 11: 1.282011 argmax 11
 11[nll] #289 tok 694: 0.933258 argmax 694
 694[nll] #290 tok 4528: 0.124055 argmax 4528
 4528[nll] #291 tok 1994: 0.720119 argmax 1994
 1994[nll] #292 tok 1189: 0.707094 argmax 1189
 1189[nll] #293 tok 3798: 0.491221 argmax 3798
 3798[nll] #294 tok 13: 0.048971 argmax 13
 13[nll] #295 tok 7054: 1.443208 argmax 7054
 7054[nll] #296 tok 3349: 1.216126 argmax 3349
 3349[nll] #297 tok 1698: 1.553380 argmax 1698
 1698[nll] #298 tok 324: 1.111105 argmax 324
 324[nll] #299 tok 57496: 1.705667 argmax 57496
 57496[nll] #300 tok 14273: 1.062573 argmax 14273
 14273[nll] #301 tok 321: 0.155393 argmax 321
 321[nll] #302 tok 4528: 0.105170 argmax 4528
 4528[nll] #303 tok 13: 0.493128 argmax 13
 13[nll] #304 tok 271: 1.020689 argmax 271
 271[nll] #305 tok 73174: 1.722871 argmax 73174
 73174[nll] #306 tok 25: 1.469282 argmax 25
 25[nll] #307 tok 33363: 1.364994 argmax 33363
 33363[nll] #308 tok 4528: 0.841703 argmax 4528
 4528[nll] #309 tok 3704: 1.945863 argmax 3704
 3704[nll] #310 tok 310: 0.139069 argmax 310
 310[nll] #311 tok 16484: 1.259620 argmax 16484
 16484[nll] #312 tok 13: 0.050271 argmax 13
 13[nll] #313 tok 8439: 0.797709 argmax 8439
 8439[nll] #314 tok 4528: 1.122099 argmax 4528
 4528[nll] #315 tok 1994: 0.565017 argmax 1994
 1994[nll] #316 tok 220: 0.048512 argmax 220
 220[nll] #317 tok 19: 0.000360 argmax 19
 19[nll] #318 tok 15: 0.000026 argmax 15
 15[nll] #319 tok 15: 0.000027 argmax 15
 15[nll] #320 tok 11: 0.742155 argmax 11
 11[nll] #321 tok 413: 1.493015 argmax 413
 413[nll] #322 tok 40803: 1.168677 argmax 40803
 40803[nll] #323 tok 310: 0.964605 argmax 310
 310[nll] #324 tok 5372: 0.454385 argmax 5372
 5372[nll] #325 tok 220: 0.076256 argmax 220
 220[nll] #326 tok 19: 0.000574 argmax 19
 19[nll] #327 tok 15: 0.000003 argmax 15
 15[nll] #328 tok 15: 0.000138 argmax 15
 15[nll] #329 tok 11: 1.217592 argmax 11
 11[nll] #330 tok 4087: 0.131401 argmax 4087
 4087[nll] #331 tok 220: 0.025894 argmax 220
 220[nll] #332 tok 19: 0.000323 argmax 19
 19[nll] #333 tok 15: 0.000009 argmax 15
 15[nll] #334 tok 15: 0.000024 argmax 15
 15[nll] #335 tok 13: 0.111877 argmax 13
 13[nll] #336 tok 14235: 0.079263 argmax 14235
 14235[nll] #337 tok 1716: 0.904998 argmax 1716
 1716[nll] #338 tok 413: 0.176896 argmax 413
 413[nll] #339 tok 1017: 1.399537 argmax 1017
 1017[nll] #340 tok 369: 0.697148 argmax 369
 369[nll] #341 tok 7308: 0.476385 argmax 7308
 7308[nll] #342 tok 14159: 0.997217 argmax 6093
 14159[nll] #343 tok 34860: 0.269362 argmax 34860
 34860[nll] #344 tok 16484: 0.830065 argmax 16484
 16484[nll] #345 tok 321: 1.058040 argmax 321
 321[nll] #346 tok 274: 1.688512 argmax 11013
 274[nll] #347 tok 9628: 0.033881 argmax 9628
 9628[nll] #348 tok 17: 0.000010 argmax 17
 17[nll] #349 tok 75: 0.000076 argmax 75
 75[nll] #350 tok 13: 0.713342 argmax 13
 13[nll] #351 tok 1368: 0.778012 argmax 1368
 1368[nll] #352 tok 9542: 0.262945 argmax 9542
 9542[nll] #353 tok 7526: 0.846810 argmax 7526
 7526[nll] #354 tok 2702: 0.824098 argmax 2702
 2702[nll] #355 tok 4528: 0.008263 argmax 4528
 4528[nll] #356 tok 220: 0.546102 argmax 220
 220[nll] #357 tok 19: 0.000038 argmax 19
 19[nll] #358 tok 15: 0.000015 argmax 15
 15[nll] #359 tok 15: 0.000003 argmax 15
 15[nll] #360 tok 13: 0.184976 argmax 13
 13[nll] #361 tok 14235: 0.372850 argmax 14235
 14235[nll] #362 tok 1423: 0.922790 argmax 1423
 1423[nll] #363 tok 14159: 0.020019 argmax 14159
 14159[nll] #364 tok 13: 0.065799 argmax 13
 13[nll] #365 tok 6558: 1.029665 argmax 6558
 6558[nll] #366 tok 579: 0.000931 argmax 579
 579[nll] #367 tok 1436: 0.833102 argmax 1436
 1436[nll] #368 tok 13: 0.765668 argmax 13
 13[nll] #369 tok 271: 0.419696 argmax 271
 271[nll] #370 tok 22916: 0.712456 argmax 22916
 22916[nll] #371 tok 274: 1.315997 argmax 274
 274[nll] #372 tok 57838: 0.185613 argmax 57838
 57838[nll] #373 tok 73314: 0.000193 argmax 73314
 73314[nll] #374 tok 2564: 0.451385 argmax 2564
 2564[nll] #375 tok 21: 0.057032 argmax 21
 21[nll] #376 tok 15: 0.000016 argmax 15
 15[nll] #377 tok 11: 0.278009 argmax 11
 11[nll] #378 tok 220: 0.639379 argmax 220
 220[nll] #379 tok 17: 0.001248 argmax 17
 17[nll] #380 tok 82: 0.000349 argmax 82
 82[nll] #381 tok 10: 0.000872 argmax 10
 10[nll] #382 tok 20: 0.001262 argmax 20
 20[nll] #383 tok 76: 0.000071 argmax 76
 76[nll] #384 tok 10: 0.000044 argmax 10
 10[nll] #385 tok 16: 0.000049 argmax 16
 16[nll] #386 tok 16: 0.000007 argmax 16
 16[nll] #387 tok 75: 0.000024 argmax 75
 75[nll] #388 tok 28: 0.452545 argmax 28
 28[nll] #389 tok 19: 0.001574 argmax 19
 19[nll] #390 tok 15: 0.000001 argmax 15
 15[nll] #391 tok 15: 0.000011 argmax 15
 15[nll] #392 tok 11: 1.179933 argmax 11
 11[nll] #393 tok 274: 0.000629 argmax 274
 274[nll] #394 tok 9628: 0.002369 argmax 9628
 9628[nll] #395 tok 17: 0.000018 argmax 17
 17[nll] #396 tok 75: 0.000143 argmax 75
 75[nll] #397 tok 13: 0.107547 argmax 13
 13[nll] #398 tok 2091: 1.190342 argmax 2091
 2091[nll] #399 tok 1017: 0.716235 argmax 1017
 1017[nll] #400 tok 6093: 0.339387 argmax 6093
 6093[nll] #401 tok 30: 0.003725 argmax 30
 30[nll] #402 tok 6558: 1.075411 argmax 6558
 6558[nll] #403 tok 579: 0.098699 argmax 579
 579[nll] #404 tok 2624: 1.152629 argmax 2624
 2624[nll] #405 tok 32122: 0.118679 argmax 32122
 32122[nll] #406 tok 13: 0.020794 argmax 13
 13[nll] #407 tok 271: 1.082682 argmax 271
 271[nll] #408 tok 3702: 1.737640 argmax 3702
 3702[nll] #409 tok 4528: 0.318337 argmax 4528
 4528[nll] #410 tok 220: 1.142066 argmax 220
 220[nll] #411 tok 19: 0.001620 argmax 19
 19[nll] #412 tok 15: 0.000005 argmax 15
 15[nll] #413 tok 15: 0.000003 argmax 15
 15[nll] #414 tok 321: 0.778269 argmax 321
 321[nll] #415 tok 14273: 0.631803 argmax 14273
 14273[nll] #416 tok 2564: 0.148927 argmax 2564
 2564[nll] #417 tok 21: 0.000054 argmax 21
 21[nll] #418 tok 15: 0.000008 argmax 15
 15[nll] #419 tok 13: 0.395725 argmax 13
 13[nll] #420 tok 22830: 0.198260 argmax 22830
 22830[nll] #421 tok 4528: 0.019618 argmax 4528
 4528[nll] #422 tok 2518: 0.893361 argmax 2518
 2518[nll] #423 tok 220: 0.229122 argmax 220
 220[nll] #424 tok 19: 0.173535 argmax 19
 19[nll] #425 tok 15: 0.000006 argmax 15
 15[nll] #426 tok 15: 0.000022 argmax 15
 15[nll] #427 tok 14: 0.001252 argmax 14
 14[nll] #428 tok 21: 0.013377 argmax 21
 21[nll] #429 tok 15: 0.000016 argmax 15
 15[nll] #430 tok 283: 0.670418 argmax 283
 283[nll] #431 tok 220: 0.025610 argmax 220
 220[nll] #432 tok 21: 0.000464 argmax 21
 21[nll] #433 tok 13: 0.000016 argmax 13
 13[nll] #434 tok 21: 0.000009 argmax 21
 21[nll] #435 tok 21: 0.001480 argmax 21
 21[nll] #436 tok 21: 0.700767 argmax 22
 21[nll] #437 tok 13: 0.998243 argmax 13
 13[nll] #438 tok 14235: 0.410895 argmax 14235
 14235[nll] #439 tok 1599: 1.101740 argmax 1599
 1599[nll] #440 tok 3349: 0.670337 argmax 3349
 3349[nll] #441 tok 14: 0.158955 argmax 14
 14[nll] #442 tok 25252: 0.003236 argmax 25252
 25252[nll] #443 tok 13: 0.044489 argmax 13
 13[nll] #444 tok 42794: 0.470812 argmax 42794
 42794[nll] #445 tok 274: 0.339413 argmax 274
 274[nll] #446 tok 9628: 0.120158 argmax 9628
 9628[nll] #447 tok 17: 0.000065 argmax 17
 17[nll] #448 tok 75: 0.000475 argmax 75
 75[nll] #449 tok 3254: 1.672608 argmax 3254
 3254[nll] #450 tok 2526: 1.294574 argmax 2526
 2526[nll] #451 tok 506: 0.673671 argmax 506
 506[nll] #452 tok 3140: 0.002928 argmax 3140
 3140[nll] #453 tok 220: 0.511119 argmax 220
 220[nll] #454 tok 17: 0.008008 argmax 17
 17[nll] #455 tok 75: 0.670576 argmax 75
 75[nll] #456 tok 13: 0.594737 argmax 13
 13[nll] #457 tok 1368: 1.971240 argmax 1368
 1368[nll] #458 tok 324: 0.468985 argmax 324
 324[nll] #459 tok 3349: 0.242977 argmax 3349
 3349[nll] #460 tok 11: 0.061846 argmax 11
 11[nll] #461 tok 1599: 1.197354 argmax 1599
 1599[nll] #462 tok 2526: 0.112768 argmax 2526
 2526[nll] #463 tok 3238: 1.206583 argmax 3238
 3238[nll] #464 tok 4528: 0.044611 argmax 4528
 4528[nll] #465 tok 13: 0.935958 argmax 13
 13[nll] #466 tok 271: 1.245419 argmax 271
 271[nll] #467 tok 9764: 0.831285 argmax 9764
 9764[nll] #468 tok 579: 0.820780 argmax 579
 579[nll] #469 tok 85802: 1.280256 argmax 85802
 85802[nll] #470 tok 13: 0.986300 argmax 13
 13[nll] #471 tok 6558: 0.545648 argmax 6558
 6558[nll] #472 tok 274: 0.282008 argmax 274
 274[nll] #473 tok 28: 0.256709 argmax 28
 28[nll] #474 tok 17: 0.000181 argmax 17
 17[nll] #475 tok 75: 0.000035 argmax 75
 75[nll] #476 tok 478: 0.567893 argmax 478
 478[nll] #477 tok 830: 0.521279 argmax 830
 830[nll] #478 tok 11: 0.283469 argmax 11
 11[nll] #479 tok 830: 0.001430 argmax 830
 830[nll] #480 tok 9628: 0.010334 argmax 9628
 9628[nll] #481 tok 15: 0.000047 argmax 15
 15[nll] #482 tok 13: 0.132401 argmax 13
 13[nll] #483 tok 4844: 0.415169 argmax 4844
 4844[nll] #484 tok 2702: 0.723807 argmax 2702
 2702[nll] #485 tok 14273: 0.098443 argmax 14273
 14273[nll] #486 tok 283: 0.816129 argmax 283
 283[nll] #487 tok 220: 0.477471 argmax 220
 220[nll] #488 tok 18: 0.014623 argmax 18
 18[nll] #489 tok 75: 0.000074 argmax 75
 75[nll] #490 tok 478: 0.026200 argmax 478
 478[nll] #491 tok 830: 0.062221 argmax 830
 830[nll] #492 tok 478: 0.000102 argmax 478
 478[nll] #493 tok 295: 0.000042 argmax 295
 295[nll] #494 tok 2564: 0.002344 argmax 2564
 2564[nll] #495 tok 21: 0.090894 argmax 21
 21[nll] #496 tok 15: 0.000006 argmax 15
 15[nll] #497 tok 13: 0.113197 argmax 13
 13[nll] #498 tok 16030: 0.020118 argmax 16030
 16030[nll] #499 tok 283: 0.046893 argmax 283
 283[nll] #500 tok 220: 0.013142 argmax 220
 220[nll] #501 tok 19: 0.695937 argmax 19
 19[nll] #502 tok 75: 0.000531 argmax 75
 75[nll] #503 tok 478: 0.333236 argmax 478
 478[nll] #504 tok 220: 0.546964 argmax 220
 220[nll] #505 tok 17: 0.019060 argmax 17
 17[nll] #506 tok 87: 0.000193 argmax 87
 87[nll] #507 tok 478: 0.003363 argmax 478
 478[nll] #508 tok 20: 0.350268 argmax 20
 20[nll] #509 tok 76: 0.002241 argmax 76
 76[nll] #510 tok 478: 0.401704 argmax 478
 478[nll] #511 tok 16: 0.004106 argmax 16
 16[nll] #512 tok 16: 0.000139 argmax 16
 16[nll] #513 tok 75: 0.000415 argmax 75
 75[nll] #514 tok 283: 0.186716 argmax 283
 283[nll] #515 tok 16: 0.434023 argmax 16
 16[nll] #516 tok 20: 0.000463 argmax 20
 20[nll] #517 tok 75: 0.000196 argmax 75
 75[nll] #518 tok 478: 0.249606 argmax 478
 478[nll] #519 tok 17: 0.212879 argmax 17
 17[nll] #520 tok 87: 0.000229 argmax 87
 87[nll] #521 tok 10: 0.236890 argmax 10
 10[nll] #522 tok 20: 0.000021 argmax 20
 20[nll] #523 tok 76: 0.000018 argmax 76
 76[nll] #524 tok 2564: 0.335702 argmax 2564
 2564[nll] #525 tok 19: 0.001045 argmax 19
 19[nll] #526 tok 15: 0.000004 argmax 15
 15[nll] #527 tok 15: 0.000016 argmax 15
 15[nll] #528 tok 13: 0.119637 argmax 13
 13[nll] #529 tok 7252: 0.467066 argmax 7252
 7252[nll] #530 tok 11514: 0.619455 argmax 11514
 11514[nll] #531 tok 13: 1.003073 argmax 13
 13[nll] #532 tok 271: 1.474506 argmax 1690
 271[nll] #533 tok 2381: 1.276689 argmax 2381
 2381[nll] #534 tok 2574: 1.394156 argmax 2574
 2574[nll] #535 tok 324: 0.037465 argmax 324
 324[nll] #536 tok 11: 0.240956 argmax 11
 11[nll] #537 tok 310: 1.055072 argmax 310
 310[nll] #538 tok 33363: 0.547327 argmax 33363
 33363[nll] #539 tok 4528: 0.022919 argmax 4528
 4528[nll] #540 tok 440: 0.892662 argmax 440
 440[nll] #541 tok 3618: 0.459173 argmax 3618
 3618[nll] #542 tok 1994: 0.663969 argmax 1994
 1994[nll] #543 tok 11: 1.079834 argmax 11
 11[nll] #544 tok 4992: 1.221482 argmax 4992
 4992[nll] #545 tok 295: 0.687213 argmax 295
 295[nll] #546 tok 430: 0.644701 argmax 430
 430[nll] #547 tok 3349: 0.755009 argmax 3349
 3349[nll] #548 tok 430: 0.053374 argmax 430
 430[nll] #549 tok 3102: 0.007823 argmax 3102
 3102[nll] #550 tok 30: 0.904533 argmax 30
 30[nll] #551 tok 16030: 0.908593 argmax 16030
 16030[nll] #552 tok 791: 0.661121 argmax 791
 791[nll] #553 tok 3618: 0.215212 argmax 3618
 3618[nll] #554 tok 10728: 1.498674 argmax 25
 10728[nll] #555 tok 220: 0.190466 argmax 220
 220[nll] #556 tok 20: 0.001798 argmax 20
 20[nll] #557 tok 11: 0.510285 argmax 11
 11[nll] #558 tok 2526: 0.300926 argmax 2526
 2526[nll] #559 tok 220: 0.676498 argmax 220
 220[nll] #560 tok 17: 0.000769 argmax 17
 17[nll] #561 tok 13: 0.594289 argmax 13
 13[nll] #562 tok 1921: 0.880574 argmax 1921
 1921[nll] #563 tok 3349: 1.012096 argmax 3349
 3349[nll] #564 tok 7139: 1.800898 argmax 7139
 7139[nll] #565 tok 30: 1.460782 argmax 30
 30[nll] #566 tok 32645: 2.158574 argmax 32645
 32645[nll] #567 tok 324: 1.438930 argmax 324
 324[nll] #568 tok 41553: 1.043440 argmax 41553
 41553[nll] #569 tok 220: 0.291549 argmax 220
 220[nll] #570 tok 16: 0.647714 argmax 16
 16[nll] #571 tok 20: 0.190533 argmax 20
 20[nll] #572 tok 4528: 0.253874 argmax 4528
 4528[nll] #573 tok 791: 1.127785 argmax 791
 791[nll] #574 tok 324: 0.622873 argmax 324
 324[nll] #575 tok 303: 1.853118 argmax 303
 303[nll] #576 tok 22773: 0.453917 argmax 22773
 22773[nll] #577 tok 318: 1.472923 argmax 318
 318[nll] #578 tok 26756: 1.292729 argmax 26756
 26756[nll] #579 tok 7225: 1.063481 argmax 7225
 7225[nll] #580 tok 220: 0.063362 argmax 220
 220[nll] #581 tok 17: 0.025134 argmax 17
 17[nll] #582 tok 2526: 0.076074 argmax 2526
 2526[nll] #583 tok 553: 1.521375 argmax 553
 553[nll] #584 tok 16030: 1.889027 argmax 16030
 16030[nll] #585 tok 791: 0.022111 argmax 791
 791[nll] #586 tok 328: 1.575728 argmax 328
 328[nll] #587 tok 16275: 0.817992 argmax 16275
 16275[nll] #588 tok 6129: 1.267553 argmax 6129
 6129[nll] #589 tok 1: 0.278323 argmax 1
 1[nll] #590 tok 318: 0.805396 argmax 318
 318[nll] #591 tok 16: 0.701148 argmax 16
 16[nll] #592 tok 3349: 0.014533 argmax 3349
 3349[nll] #593 tok 478: 0.569872 argmax 478
 478[nll] #594 tok 220: 0.514273 argmax 220
 220[nll] #595 tok 17: 0.000260 argmax 17
 17[nll] #596 tok 2526: 0.061480 argmax 2526
 2526[nll] #597 tok 8: 0.035379 argmax 8
 8[nll] #598 tok 283: 0.239650 argmax 283
 283[nll] #599 tok 16: 0.551267 argmax 16
 16[nll] #600 tok 20: 0.021047 argmax 20
 20

decode: 600 tokens in 68.00 s  (8.82 tok/s), n_past=734
cached graph replays: 35184; per replay alloc 0 us, launch 10 us, wait 385 us
step profile: eval 84.12 s = pre 1.04 + graphA 14.05 + CPU MoE 58.27 + io 7.88 + head 0.95 + rest 1.94 | draft head 0.00 s
replay NLL: 0.4416 per token (ppl 1.56) over 600 tokens
expert cache: 97.2% hit, 0.0% from VRAM, 62.81 GB from disk
              tiers: 0 promotions, 23232 RAM evictions, 0 cold-file reads, 0 upgrades
              RAM tier at end: 11258 slots = 11189 hot + 0 cold (0 of them hot-worthy) + 69 empty; 1293 prefetched unused, 0 in flight; 0 experts marked hot-worthy
decode split: graphA(GPU) 14.05 s | MoE gpu 0.00 s (0 experts, sync-wait 0.00 s) | MoE cpu 58.27 s (352320 experts) | io 7.88 s
              graphA per decode layer: recurrent 384 us (x26424), attention 442 us (x8808) [attention: build+alloc 0 us, gpu 0 us; per-token inputs 33 us]
prefetch: 77.2% of the next layer's experts predicted correctly | 24468 issued, 18733 used (76.6%), 4442 wasted
prediction by rank, precision %: r1 98 r2 96 r3 94 r4 90 r5 85 r6 78 r7 72 r8 62 r9 53 r10 43 r11 34 r12 26 r13 20 r14 16 r15 14 r16 11
prediction by margin [edge+) P(correct)% / share%: [0) 35/15.7 [0.05) 35/14.7 [0.1) 38/21.8 [0.2) 50/12.8 [0.3) 73/13.6 [0.5) 92/9.2 [0.75) 98/5.6 [1) 99/5.0 [1.5) 100/1.3 [2) 100/0.3 [3) 100/0.0 [5) 100/0.0
prediction by layer, worst 10: L1 43 L47 51 L3 62 L2 68 L45 68 L31 70 L46 71 L15 71 L6 72 L5 72  | best: L28 88
io breakdown: submit 0.18 s, promote 0.01 s, wait 7.69 s | 7000 bursts, 29859 reads, 4.3 reads/burst, 2054 KiB/read
             wait-only bandwidth: 8.17 GB/s   (device peak measured 7.0 GB/s)
             io_engine: backend=threads, O_DIRECT=1, 29859 reads, 18.03 GB actually read, prep 0.08 s, io_uring_submit 0.00 s
engine time: prefill 0.00 s / 0 tok, decode 84.12 s / 734 tok, expert io 7.88 s
wall 95.96 s maxrss 21813192 KB
